<html>
<body>
<pre>
<h1>µVision Build Log</h1>
<h2>Tool Versions:</h2>
IDE-Version: ¦ÌVision V5.28.0.0
Copyright (C) 2019 ARM Ltd and ARM Germany GmbH. All rights reserved.
License Information: 1 1, 1, LIC=32B12-9FMSM-NNLAF-650DR-C5LIA-Q8TDZ
 
Tool Versions:
Toolchain:       MDK-ARM Plus  Version: 5.28.0.0
Toolchain Path:  C:\Keil_v5\ARM\ARMCC\Bin
C Compiler:      Armcc.exe V5.06 update 6 (build 750)
Assembler:       Armasm.exe V5.06 update 6 (build 750)
Linker/Locator:  ArmLink.exe V5.06 update 6 (build 750)
Library Manager: ArmAr.exe V5.06 update 6 (build 750)
Hex Converter:   FromElf.exe V5.06 update 6 (build 750)
CPU DLL:         SARMCM3.DLL V5.28.0.0
Dialog DLL:      DARMSTM.DLL V1.68.0.0
Target DLL:      STLink\ST-LINKIII-KEIL_SWO.dll V3.0.6.0
Dialog DLL:      TARMSTM.DLL V1.66.0.0
 
<h2>Project:</h2>
C:\Users\h\Desktop\12.29\USER\AS608.uvprojx
Project File Date:  01/07/2020

<h2>Output:</h2>
*** Using Compiler 'V5.06 update 6 (build 750)', folder: 'C:\Keil_v5\ARM\ARMCC\Bin'
Rebuild target 'AS608'
compiling stm32f10x_it.c...
compiling main.c...
compiling spi.c...
compiling system_stm32f10x.c...
compiling MMC_SD.C...
compiling flash.c...
compiling myiic.c...
compiling 24cxx.c...
compiling ott2001a.c...
compiling ctiic.c...
compiling ft5206.c...
compiling touch.c...
compiling lcd.c...
compiling gt9147.c...
compiling usart2.c...
compiling timer.c...
compiling as608.c...
compiling led.c...
compiling rc522.c...
compiling usart3.c...
compiling hc05.c...
compiling zx.c...
compiling key.c...
compiling delay.c...
assembling startup_stm32f10x_hd.s...
compiling usart.c...
compiling stm32f10x_gpio.c...
compiling core_cm3.c...
compiling sys.c...
compiling stm32f10x_usart.c...
compiling stm32f10x_rcc.c...
compiling misc.c...
compiling stm32f10x_spi.c...
compiling stm32f10x_dma.c...
compiling stm32f10x_exti.c...
compiling malloc.c...
compiling exfuns.c...
compiling stm32f10x_tim.c...
compiling diskio.c...
compiling fattester.c...
compiling mycc936.c...
compiling fontupd.c...
compiling text.c...
compiling usmart.c...
compiling usmart_config.c...
compiling usmart_str.c...
compiling ff.c...
linking...
Program Size: Code=57634 RO-data=7814 RW-data=996 ZI-data=42012  
FromELF: creating hex file...
"..\OBJ\AS608.axf" - 0 Error(s), 0 Warning(s).

<h2>Software Packages used:</h2>

Package Vendor: Keil
                http://www.keil.com/pack/Keil.STM32F1xx_DFP.2.3.0.pack
                Keil.STM32F1xx_DFP.2.3.0
                STMicroelectronics STM32F1 Series Device Support, Drivers and Examples

<h2>Collection of Component include folders:</h2>
  .\RTE\_AS608
  C:\Users\h\AppData\Local\Arm\Packs\Keil\STM32F1xx_DFP\2.3.0\Device\Include

<h2>Collection of Component Files used:</h2>
Build Time Elapsed:  00:00:08
</pre>
</body>
</html>
