Component: ARM Compiler 5.06 update 6 (build 750) Tool: armlink [4d35ed]

==============================================================================

Section Cross References

    main.o(i.main) refers to misc.o(i.NVIC_PriorityGroupConfig) for NVIC_PriorityGroupConfig
    main.o(i.main) refers to delay.o(i.delay_init) for delay_init
    main.o(i.main) refers to usart.o(i.uart_init) for uart_init
    main.o(i.main) refers to usart2.o(i.usart2_init) for usart2_init
    main.o(i.main) refers to as608.o(i.PS_StaGPIO_Init) for PS_StaGPIO_Init
    main.o(i.main) refers to key.o(i.KEY_Init) for KEY_Init
    main.o(i.main) refers to lcd.o(i.LCD_Init) for LCD_Init
    main.o(i.main) refers to led.o(i.LED_Init) for LED_Init
    main.o(i.main) refers to malloc.o(i.mem_init) for mem_init
    main.o(i.main) refers to exfuns.o(i.exfuns_init) for exfuns_init
    main.o(i.main) refers to ff.o(i.f_mount) for f_mount
    main.o(i.main) refers to rc522.o(i.RC522_Init) for RC522_Init
    main.o(i.main) refers to delay.o(i.delay_ms) for delay_ms
    main.o(i.main) refers to hc05.o(i.HC05_Init) for HC05_Init
    main.o(i.main) refers to zx.o(i.linkA) for linkA
    main.o(i.main) refers to touch.o(.data) for tp_dev
    main.o(i.main) refers to usmart_config.o(.data) for usmart_dev
    main.o(i.main) refers to exfuns.o(.data) for fs
    main.o(i.main) refers to lcd.o(.data) for POINT_COLOR
    main.o(i.main) refers to usart3.o(.data) for USART3_RX_STA
    system_stm32f10x.o(i.SystemCoreClockUpdate) refers to system_stm32f10x.o(.data) for .data
    system_stm32f10x.o(i.SystemInit) refers to system_stm32f10x.o(i.SetSysClockTo72) for SetSysClockTo72
    lcd.o(i.LCD_Clear) refers to lcd.o(i.LCD_SetCursor) for LCD_SetCursor
    lcd.o(i.LCD_Clear) refers to lcd.o(i.LCD_WriteRAM_Prepare) for LCD_WriteRAM_Prepare
    lcd.o(i.LCD_Clear) refers to lcd.o(.bss) for .bss
    lcd.o(i.LCD_Color_Fill) refers to lcd.o(i.LCD_SetCursor) for LCD_SetCursor
    lcd.o(i.LCD_Color_Fill) refers to lcd.o(i.LCD_WriteRAM_Prepare) for LCD_WriteRAM_Prepare
    lcd.o(i.LCD_DisplayOff) refers to lcd.o(i.LCD_WriteReg) for LCD_WriteReg
    lcd.o(i.LCD_DisplayOff) refers to lcd.o(i.LCD_WR_REG) for LCD_WR_REG
    lcd.o(i.LCD_DisplayOff) refers to lcd.o(.bss) for .bss
    lcd.o(i.LCD_DisplayOn) refers to lcd.o(i.LCD_WriteReg) for LCD_WriteReg
    lcd.o(i.LCD_DisplayOn) refers to lcd.o(i.LCD_WR_REG) for LCD_WR_REG
    lcd.o(i.LCD_DisplayOn) refers to lcd.o(.bss) for .bss
    lcd.o(i.LCD_Display_Dir) refers to lcd.o(i.LCD_Scan_Dir) for LCD_Scan_Dir
    lcd.o(i.LCD_Display_Dir) refers to lcd.o(.bss) for .bss
    lcd.o(i.LCD_DrawLine) refers to lcd.o(i.LCD_DrawPoint) for LCD_DrawPoint
    lcd.o(i.LCD_DrawPoint) refers to lcd.o(i.LCD_SetCursor) for LCD_SetCursor
    lcd.o(i.LCD_DrawPoint) refers to lcd.o(i.LCD_WriteRAM_Prepare) for LCD_WriteRAM_Prepare
    lcd.o(i.LCD_DrawPoint) refers to lcd.o(.data) for .data
    lcd.o(i.LCD_DrawRectangle) refers to lcd.o(i.LCD_DrawLine) for LCD_DrawLine
    lcd.o(i.LCD_Draw_Circle) refers to lcd.o(i.LCD_DrawPoint) for LCD_DrawPoint
    lcd.o(i.LCD_Fast_DrawPoint) refers to lcd.o(i.LCD_WR_REG) for LCD_WR_REG
    lcd.o(i.LCD_Fast_DrawPoint) refers to lcd.o(i.LCD_WriteReg) for LCD_WriteReg
    lcd.o(i.LCD_Fast_DrawPoint) refers to lcd.o(.bss) for .bss
    lcd.o(i.LCD_Fill) refers to lcd.o(i.LCD_SetCursor) for LCD_SetCursor
    lcd.o(i.LCD_Fill) refers to lcd.o(i.LCD_WriteRAM_Prepare) for LCD_WriteRAM_Prepare
    lcd.o(i.LCD_Fill) refers to lcd.o(.bss) for .bss
    lcd.o(i.LCD_Init) refers to _printf_percent.o(.ARM.Collect$$_printf_percent$$00000000) for _printf_percent
    lcd.o(i.LCD_Init) refers to _printf_x.o(.ARM.Collect$$_printf_percent$$0000000C) for _printf_x
    lcd.o(i.LCD_Init) refers to _printf_hex_int_ll_ptr.o(.text) for _printf_longlong_hex
    lcd.o(i.LCD_Init) refers to stm32f10x_rcc.o(i.RCC_APB2PeriphClockCmd) for RCC_APB2PeriphClockCmd
    lcd.o(i.LCD_Init) refers to stm32f10x_gpio.o(i.GPIO_PinRemapConfig) for GPIO_PinRemapConfig
    lcd.o(i.LCD_Init) refers to stm32f10x_gpio.o(i.GPIO_Init) for GPIO_Init
    lcd.o(i.LCD_Init) refers to stm32f10x_gpio.o(i.GPIO_SetBits) for GPIO_SetBits
    lcd.o(i.LCD_Init) refers to delay.o(i.delay_ms) for delay_ms
    lcd.o(i.LCD_Init) refers to lcd.o(i.LCD_WriteReg) for LCD_WriteReg
    lcd.o(i.LCD_Init) refers to lcd.o(i.LCD_ReadReg) for LCD_ReadReg
    lcd.o(i.LCD_Init) refers to lcd.o(i.LCD_WR_REG) for LCD_WR_REG
    lcd.o(i.LCD_Init) refers to lcd.o(i.LCD_RD_DATA) for LCD_RD_DATA
    lcd.o(i.LCD_Init) refers to __2printf.o(.text) for __2printf
    lcd.o(i.LCD_Init) refers to lcd.o(i.LCD_WR_DATAX) for LCD_WR_DATAX
    lcd.o(i.LCD_Init) refers to lcd.o(.bss) for .bss
    lcd.o(i.LCD_Init) refers to delay.o(i.delay_us) for delay_us
    lcd.o(i.LCD_Init) refers to lcd.o(i.LCD_SSD_BackLightSet) for LCD_SSD_BackLightSet
    lcd.o(i.LCD_Init) refers to lcd.o(i.LCD_Display_Dir) for LCD_Display_Dir
    lcd.o(i.LCD_Init) refers to lcd.o(i.LCD_Clear) for LCD_Clear
[...]
    MemManage_Handler                        0x080082ed   Thumb Code     2  stm32f10x_it.o(i.MemManage_Handler)
    NMI_Handler                              0x080082ef   Thumb Code     2  stm32f10x_it.o(i.NMI_Handler)
    NVIC_Init                                0x080082f1   Thumb Code    94  misc.o(i.NVIC_Init)
    NVIC_PriorityGroupConfig                 0x08008355   Thumb Code    10  misc.o(i.NVIC_PriorityGroupConfig)
    OTT2001A_Init                            0x08008369   Thumb Code   154  ott2001a.o(i.OTT2001A_Init)
    OTT2001A_RD_Reg                          0x08008419   Thumb Code    96  ott2001a.o(i.OTT2001A_RD_Reg)
    OTT2001A_Scan                            0x08008479   Thumb Code   332  ott2001a.o(i.OTT2001A_Scan)
    OTT2001A_SensorControl                   0x080085e5   Thumb Code    30  ott2001a.o(i.OTT2001A_SensorControl)
    OTT2001A_WR_Reg                          0x08008603   Thumb Code    82  ott2001a.o(i.OTT2001A_WR_Reg)
    PS_DeletChar                             0x08008655   Thumb Code    94  as608.o(i.PS_DeletChar)
    PS_Empty                                 0x080086b3   Thumb Code    52  as608.o(i.PS_Empty)
    PS_GenChar                               0x080086e7   Thumb Code    60  as608.o(i.PS_GenChar)
    PS_GetImage                              0x08008723   Thumb Code    52  as608.o(i.PS_GetImage)
    PS_HandShake                             0x08008759   Thumb Code   100  as608.o(i.PS_HandShake)
    PS_HighSpeedSearch                       0x080087c5   Thumb Code   132  as608.o(i.PS_HighSpeedSearch)
    PS_Match                                 0x08008849   Thumb Code    52  as608.o(i.PS_Match)
    PS_ReadSysPara                           0x0800887d   Thumb Code   154  as608.o(i.PS_ReadSysPara)
    PS_RegModel                              0x08008961   Thumb Code    52  as608.o(i.PS_RegModel)
    PS_SetAddr                               0x08008995   Thumb Code   130  as608.o(i.PS_SetAddr)
    PS_StaGPIO_Init                          0x08008a39   Thumb Code    38  as608.o(i.PS_StaGPIO_Init)
    PS_StoreChar                             0x08008a65   Thumb Code    82  as608.o(i.PS_StoreChar)
    PS_ValidTempleteNum                      0x08008ab9   Thumb Code    96  as608.o(i.PS_ValidTempleteNum)
    PS_WriteReg                              0x08008b35   Thumb Code    96  as608.o(i.PS_WriteReg)
    PcdAntennaOn                             0x08008bb1   Thumb Code    26  rc522.o(i.PcdAntennaOn)
    PcdAnticoll                              0x08008bcb   Thumb Code   106  rc522.o(i.PcdAnticoll)
    PcdAuthState                             0x08008c35   Thumb Code    82  rc522.o(i.PcdAuthState)
    PcdComMF522                              0x08008c87   Thumb Code   278  rc522.o(i.PcdComMF522)
    PcdRead                                  0x08008d9d   Thumb Code    74  rc522.o(i.PcdRead)
    PcdRequest                               0x08008de7   Thumb Code    80  rc522.o(i.PcdRequest)
    PcdReset                                 0x08008e39   Thumb Code   122  rc522.o(i.PcdReset)
    PcdSelect                                0x08008eb9   Thumb Code    98  rc522.o(i.PcdSelect)
    PendSV_Handler                           0x08008f1b   Thumb Code     2  stm32f10x_it.o(i.PendSV_Handler)
    RC522_Handel                             0x08008f1d   Thumb Code   334  rc522.o(i.RC522_Handel)
    RC522_Init                               0x080090ed   Thumb Code    36  rc522.o(i.RC522_Init)
    RCC_APB1PeriphClockCmd                   0x08009119   Thumb Code    18  stm32f10x_rcc.o(i.RCC_APB1PeriphClockCmd)
    RCC_APB1PeriphResetCmd                   0x08009131   Thumb Code    18  stm32f10x_rcc.o(i.RCC_APB1PeriphResetCmd)
    RCC_APB2PeriphClockCmd                   0x08009149   Thumb Code    18  stm32f10x_rcc.o(i.RCC_APB2PeriphClockCmd)
    RCC_APB2PeriphResetCmd                   0x08009161   Thumb Code    18  stm32f10x_rcc.o(i.RCC_APB2PeriphResetCmd)
    RCC_GetClocksFreq                        0x08009179   Thumb Code   128  stm32f10x_rcc.o(i.RCC_GetClocksFreq)
    ReadRawRC                                0x08009209   Thumb Code    46  rc522.o(i.ReadRawRC)
    SD_DisSelect                             0x0800923d   Thumb Code    14  mmc_sd.o(i.SD_DisSelect)
    SD_GetResponse                           0x08009251   Thumb Code    40  mmc_sd.o(i.SD_GetResponse)
    SD_Initialize                            0x08009279   Thumb Code   340  mmc_sd.o(i.SD_Initialize)
    SD_ReadDisk                              0x080093d1   Thumb Code   104  mmc_sd.o(i.SD_ReadDisk)
    SD_RecvData                              0x0800943d   Thumb Code    52  mmc_sd.o(i.SD_RecvData)
    SD_SPI_Init                              0x08009471   Thumb Code    60  mmc_sd.o(i.SD_SPI_Init)
    SD_SPI_ReadWriteByte                     0x080094b5   Thumb Code     4  mmc_sd.o(i.SD_SPI_ReadWriteByte)
    SD_SPI_SpeedHigh                         0x080094b9   Thumb Code     6  mmc_sd.o(i.SD_SPI_SpeedHigh)
    SD_SPI_SpeedLow                          0x080094bf   Thumb Code     6  mmc_sd.o(i.SD_SPI_SpeedLow)
    SD_Select                                0x080094c5   Thumb Code    26  mmc_sd.o(i.SD_Select)
    SD_SendBlock                             0x080094e5   Thumb Code    80  mmc_sd.o(i.SD_SendBlock)
    SD_SendCmd                               0x08009535   Thumb Code    94  mmc_sd.o(i.SD_SendCmd)
    SD_WaitReady                             0x08009593   Thumb Code    32  mmc_sd.o(i.SD_WaitReady)
    SD_WriteDisk                             0x080095b5   Thumb Code   124  mmc_sd.o(i.SD_WriteDisk)
    SPI1_Init                                0x08009635   Thumb Code   110  spi.o(i.SPI1_Init)
    SPI1_Initr                               0x080096b1   Thumb Code   130  rc522.o(i.SPI1_Initr)
    SPI1_ReadWriteByte                       0x0800973d   Thumb Code    76  spi.o(i.SPI1_ReadWriteByte)
    SPI1_SetSpeed                            0x0800978d   Thumb Code    26  spi.o(i.SPI1_SetSpeed)
    SPI_Cmd                                  0x080097ad   Thumb Code    20  stm32f10x_spi.o(i.SPI_Cmd)
    SPI_FLASH_Write_Enable                   0x080097c1   Thumb Code    26  flash.o(i.SPI_FLASH_Write_Enable)
    SPI_Flash_Erase_Sector                   0x080097e1   Thumb Code    64  flash.o(i.SPI_Flash_Erase_Sector)
    SPI_Flash_Init                           0x08009825   Thumb Code    66  flash.o(i.SPI_Flash_Init)
    SPI_Flash_Read                           0x08009871   Thumb Code    86  flash.o(i.SPI_Flash_Read)
    SPI_Flash_ReadID                         0x080098cd   Thumb Code    62  flash.o(i.SPI_Flash_ReadID)
    SPI_Flash_ReadSR                         0x08009911   Thumb Code    32  flash.o(i.SPI_Flash_ReadSR)
    SPI_Flash_Wait_Busy                      0x08009935   Thumb Code    14  flash.o(i.SPI_Flash_Wait_Busy)
    SPI_Flash_Write                          0x08009943   Thumb Code   180  flash.o(i.SPI_Flash_Write)
    SPI_Flash_Write_NoCheck                  0x080099f7   Thumb Code    62  flash.o(i.SPI_Flash_Write_NoCheck)
    SPI_Flash_Write_Page                     0x08009a35   Thumb Code    82  flash.o(i.SPI_Flash_Write_Page)
    SPI_I2S_GetFlagStatus                    0x08009a8d   Thumb Code    14  stm32f10x_spi.o(i.SPI_I2S_GetFlagStatus)
    SPI_I2S_ReceiveData                      0x08009a9b   Thumb Code     4  stm32f10x_spi.o(i.SPI_I2S_ReceiveData)
    SPI_I2S_SendData                         0x08009a9f   Thumb Code     4  stm32f10x_spi.o(i.SPI_I2S_SendData)
    SPI_Init                                 0x08009aa3   Thumb Code    56  stm32f10x_spi.o(i.SPI_Init)
    SPI_RC522_ReadByte                       0x08009add   Thumb Code    84  rc522.o(i.SPI_RC522_ReadByte)
    SPI_RC522_SendByte                       0x08009b35   Thumb Code    82  rc522.o(i.SPI_RC522_SendByte)
    SPI_USART_IO_SET                         0x08009b8d   Thumb Code    82  flash.o(i.SPI_USART_IO_SET)
    SVC_Handler                              0x08009be9   Thumb Code     2  stm32f10x_it.o(i.SVC_Handler)
    SetBitMask                               0x08009c59   Thumb Code    24  rc522.o(i.SetBitMask)
    ShowErrMessage                           0x08009d19   Thumb Code    48  zx.o(i.ShowErrMessage)
    Show_Font                                0x08009d4d   Thumb Code   150  text.o(i.Show_Font)
    Show_Str                                 0x08009ded   Thumb Code   146  text.o(i.Show_Str)
    Show_Str_Mid                             0x08009e81   Thumb Code    82  text.o(i.Show_Str_Mid)
    SysTick_CLKSourceConfig                  0x08009ed9   Thumb Code    24  misc.o(i.SysTick_CLKSourceConfig)
    SysTick_Handler                          0x08009ef1   Thumb Code     2  stm32f10x_it.o(i.SysTick_Handler)
    SystemInit                               0x08009ef5   Thumb Code    64  system_stm32f10x.o(i.SystemInit)
    TIM2_IRQHandler                          0x08009f45   Thumb Code    38  usmart.o(i.TIM2_IRQHandler)
    TIM4_IRQHandler                          0x08009f71   Thumb Code    48  timer.o(i.TIM4_IRQHandler)
    TIM4_Int_Init                            0x08009fa9   Thumb Code    90  timer.o(i.TIM4_Int_Init)
    TIM7_IRQHandler                          0x0800a009   Thumb Code    48  timer.o(i.TIM7_IRQHandler)
    TIM7_Int_Init                            0x0800a041   Thumb Code    90  timer.o(i.TIM7_Int_Init)
    TIM_ClearITPendingBit                    0x0800a0a1   Thumb Code     6  stm32f10x_tim.o(i.TIM_ClearITPendingBit)
    TIM_Cmd                                  0x0800a0a7   Thumb Code    20  stm32f10x_tim.o(i.TIM_Cmd)
    TIM_GetITStatus                          0x0800a0bb   Thumb Code    24  stm32f10x_tim.o(i.TIM_GetITStatus)
    TIM_ITConfig                             0x0800a0d3   Thumb Code    16  stm32f10x_tim.o(i.TIM_ITConfig)
    TIM_SetCounter                           0x0800a0e3   Thumb Code     4  stm32f10x_tim.o(i.TIM_SetCounter)
    TIM_TimeBaseInit                         0x0800a0e9   Thumb Code   114  stm32f10x_tim.o(i.TIM_TimeBaseInit)
    TP_Adj_Info_Show                         0x0800a185   Thumb Code   326  touch.o(i.TP_Adj_Info_Show)
    TP_Adjust                                0x0800a2fd   Thumb Code   910  touch.o(i.TP_Adjust)
    TP_Drow_Touch_Point                      0x0800a6d5   Thumb Code   106  touch.o(i.TP_Drow_Touch_Point)
    TP_Get_Adjdata                           0x0800a745   Thumb Code   114  touch.o(i.TP_Get_Adjdata)
    TP_Init                                  0x0800a7c1   Thumb Code   200  touch.o(i.TP_Init)
    TP_Read_AD                               0x0800a8a1   Thumb Code   100  touch.o(i.TP_Read_AD)
    TP_Read_XOY                              0x0800a909   Thumb Code   100  touch.o(i.TP_Read_XOY)
    TP_Read_XY                               0x0800a96d   Thumb Code    34  touch.o(i.TP_Read_XY)
    TP_Read_XY2                              0x0800a995   Thumb Code   122  touch.o(i.TP_Read_XY2)
    TP_Save_Adjdata                          0x0800aa11   Thumb Code    96  touch.o(i.TP_Save_Adjdata)
    TP_Scan                                  0x0800aa79   Thumb Code   170  touch.o(i.TP_Scan)
    TP_Write_Byte                            0x0800ab2d   Thumb Code    46  touch.o(i.TP_Write_Byte)
    Timer2_Init                              0x0800ab61   Thumb Code    66  usmart.o(i.Timer2_Init)
    UIID                                     0x0800aba9   Thumb Code   180  zx.o(i.UIID)
    USART1_IRQHandler                        0x0800acb1   Thumb Code    88  usart.o(i.USART1_IRQHandler)
    USART2_IRQHandler                        0x0800ad15   Thumb Code    88  usart2.o(i.USART2_IRQHandler)
    USART3_IRQHandler                        0x0800ad7d   Thumb Code    88  usart3.o(i.USART3_IRQHandler)
    USART_Cmd                                0x0800ade5   Thumb Code    20  stm32f10x_usart.o(i.USART_Cmd)
    USART_DeInit                             0x0800adf9   Thumb Code    96  stm32f10x_usart.o(i.USART_DeInit)
    USART_GetFlagStatus                      0x0800ae6d   Thumb Code    14  stm32f10x_usart.o(i.USART_GetFlagStatus)
    USART_GetITStatus                        0x0800ae7b   Thumb Code    62  stm32f10x_usart.o(i.USART_GetITStatus)
    USART_ITConfig                           0x0800aeb9   Thumb Code    48  stm32f10x_usart.o(i.USART_ITConfig)
    USART_Init                               0x0800aee9   Thumb Code   166  stm32f10x_usart.o(i.USART_Init)
    USART_ReceiveData                        0x0800af95   Thumb Code     8  stm32f10x_usart.o(i.USART_ReceiveData)
    USART_SendData                           0x0800af9d   Thumb Code     8  stm32f10x_usart.o(i.USART_SendData)
    UsageFault_Handler                       0x0800afa5   Thumb Code     2  stm32f10x_it.o(i.UsageFault_Handler)
    WriteRawRC                               0x0800afa9   Thumb Code    44  rc522.o(i.WriteRawRC)
    XGGpas                                   0x0800afd9   Thumb Code   340  zx.o(i.XGGpas)
    __ARM_fpclassify                         0x0800b1b5   Thumb Code    40  fpclassify.o(i.__ARM_fpclassify)
    _is_digit                                0x0800b1dd   Thumb Code    14  __printf_wp.o(i._is_digit)
    _sys_exit                                0x0800b1eb   Thumb Code     2  usart.o(i._sys_exit)
    addID                                    0x0800b1ed   Thumb Code   224  zx.o(i.addID)
    delay_init                               0x0800b359   Thumb Code    46  delay.o(i.delay_init)
    delay_ms                                 0x0800b395   Thumb Code    46  delay.o(i.delay_ms)
    delay_us                                 0x0800b3c9   Thumb Code    46  delay.o(i.delay_us)
    disk_initialize                          0x0800b3fd   Thumb Code    66  diskio.o(i.disk_initialize)
    disk_read                                0x0800b449   Thumb Code   106  diskio.o(i.disk_read)
    disk_status                              0x0800b4b3   Thumb Code     4  diskio.o(i.disk_status)
    disk_write                               0x0800b4b7   Thumb Code    86  diskio.o(i.disk_write)
    exfuns_init                              0x0800b50d   Thumb Code    84  exfuns.o(i.exfuns_init)
    f_mount                                  0x0800b565   Thumb Code    72  ff.o(i.f_mount)
    font_init                                0x0800b7e9   Thumb Code    32  fontupd.o(i.font_init)
    fputc                                    0x0800b811   Thumb Code    18  usart.o(i.fputc)
    idfh                                     0x0800b865   Thumb Code    50  rc522.o(i.idfh)
    inspect                                  0x0800b89d   Thumb Code    54  zx.o(i.inspect)
    link                                     0x0800b8d9   Thumb Code   380  zx.o(i.link)
    linkA                                    0x0800bb39   Thumb Code   466  zx.o(i.linkA)
    main                                     0x0800bdd5   Thumb Code   122  main.o(i.main)
    mem_free                                 0x0800be69   Thumb Code    58  malloc.o(i.mem_free)
    mem_init                                 0x0800bea9   Thumb Code    34  malloc.o(i.mem_init)
    mem_malloc                               0x0800bed1   Thumb Code    88  malloc.o(i.mem_malloc)
    mem_perused                              0x0800bf2d   Thumb Code    42  malloc.o(i.mem_perused)
    myfree                                   0x0800bf8d   Thumb Code    16  malloc.o(i.myfree)
    mymalloc                                 0x0800bfa1   Thumb Code    22  malloc.o(i.mymalloc)
    mymemset                                 0x0800bfbd   Thumb Code    14  malloc.o(i.mymemset)
    passKS                                   0x0800bfcd   Thumb Code   218  zx.o(i.passKS)
    press_FR                                 0x0800c109   Thumb Code   202  zx.o(i.press_FR)
    read_addr                                0x0800c20d   Thumb Code     4  usmart.o(i.read_addr)
    sqrt                                     0x0800c211   Thumb Code    76  sqrt.o(i.sqrt)
    u3_printf                                0x0800c2ad   Thumb Code    68  usart3.o(i.u3_printf)
    uart_init                                0x0800c2f9   Thumb Code   152  usart.o(i.uart_init)
    usart2_init                              0x0800c399   Thumb Code   184  usart2.o(i.usart2_init)
    usart3_init                              0x0800c465   Thumb Code   186  usart3.o(i.usart3_init)
    usmart_cmd_rec                           0x0800c531   Thumb Code   144  usmart.o(i.usmart_cmd_rec)
    usmart_exe                               0x0800c5c5   Thumb Code   514  usmart.o(i.usmart_exe)
    usmart_get_aparm                         0x0800c829   Thumb Code   158  usmart_str.o(i.usmart_get_aparm)
    usmart_get_cmdname                       0x0800c8c7   Thumb Code    46  usmart_str.o(i.usmart_get_cmdname)
    usmart_get_fname                         0x0800c8f5   Thumb Code   358  usmart_str.o(i.usmart_get_fname)
    usmart_get_fparam                        0x0800ca65   Thumb Code   208  usmart_str.o(i.usmart_get_fparam)
    usmart_get_parmpos                       0x0800cb39   Thumb Code    30  usmart_str.o(i.usmart_get_parmpos)
    usmart_get_runtime                       0x0800cb5d   Thumb Code    36  usmart.o(i.usmart_get_runtime)
    usmart_init                              0x0800cb85   Thumb Code    36  usmart.o(i.usmart_init)
    usmart_pow                               0x0800cbad   Thumb Code    16  usmart_str.o(i.usmart_pow)
    usmart_reset_runtime                     0x0800cbbd   Thumb Code    30  usmart.o(i.usmart_reset_runtime)
    usmart_scan                              0x0800cbe1   Thumb Code    94  usmart.o(i.usmart_scan)
    usmart_search_nextc                      0x0800cc85   Thumb Code    16  usmart_str.o(i.usmart_search_nextc)
    usmart_str2num                           0x0800cc95   Thumb Code   166  usmart_str.o(i.usmart_str2num)
    usmart_strcmp                            0x0800cd3b   Thumb Code    24  usmart_str.o(i.usmart_strcmp)
    usmart_strcopy                           0x0800cd53   Thumb Code    18  usmart_str.o(i.usmart_strcopy)
    usmart_strlen                            0x0800cd65   Thumb Code    18  usmart_str.o(i.usmart_strlen)
    usmart_sys_cmd_exe                       0x0800cd79   Thumb Code  1442  usmart.o(i.usmart_sys_cmd_exe)
    write_addr                               0x0800d3e9   Thumb Code     4  usmart.o(i.write_addr)
    _get_lc_numeric                          0x0800d3ed   Thumb Code    44  lc_numeric_c.o(locale$$code)
    _get_lc_ctype                            0x0800d419   Thumb Code    44  lc_ctype_c.o(locale$$code)
    __aeabi_dadd                             0x0800d445   Thumb Code     0  daddsub_clz.o(x$fpl$dadd)
    _dadd                                    0x0800d445   Thumb Code   332  daddsub_clz.o(x$fpl$dadd)
    __aeabi_d2uiz                            0x0800d595   Thumb Code     0  dfixu.o(x$fpl$dfixu)
    _dfixu                                   0x0800d595   Thumb Code    90  dfixu.o(x$fpl$dfixu)
    __aeabi_ui2d                             0x0800d5ef   Thumb Code     0  dflt_clz.o(x$fpl$dfltu)
    _dfltu                                   0x0800d5ef   Thumb Code    38  dflt_clz.o(x$fpl$dfltu)
    __aeabi_dmul                             0x0800d615   Thumb Code     0  dmul.o(x$fpl$dmul)
    _dmul                                    0x0800d615   Thumb Code   332  dmul.o(x$fpl$dmul)
    __fpl_dnaninf                            0x0800d769   Thumb Code   156  dnaninf.o(x$fpl$dnaninf)
    __fpl_dretinf                            0x0800d805   Thumb Code    12  dretinf.o(x$fpl$dretinf)
    __aeabi_drsub                            0x0800d811   Thumb Code     0  daddsub_clz.o(x$fpl$drsb)
    _drsb                                    0x0800d811   Thumb Code    22  daddsub_clz.o(x$fpl$drsb)
    _dsqrt                                   0x0800d829   Thumb Code   456  dsqrt_noumaal.o(x$fpl$dsqrt)
    __aeabi_dsub                             0x0800d9f5   Thumb Code     0  daddsub_clz.o(x$fpl$dsub)
    _dsub                                    0x0800d9f5   Thumb Code   464  daddsub_clz.o(x$fpl$dsub)
    __aeabi_fadd                             0x0800dbc9   Thumb Code     0  faddsub_clz.o(x$fpl$fadd)
    _fadd                                    0x0800dbc9   Thumb Code   196  faddsub_clz.o(x$fpl$fadd)
    __fpl_fcheck_NaN1                        0x0800dc8d   Thumb Code     6  fcheck1.o(x$fpl$fcheck1)
    __aeabi_fdiv                             0x0800dc99   Thumb Code     0  fdiv.o(x$fpl$fdiv)
    _fdiv                                    0x0800dc99   Thumb Code   384  fdiv.o(x$fpl$fdiv)
    __aeabi_f2iz                             0x0800de1d   Thumb Code     0  ffix.o(x$fpl$ffix)
    _ffix                                    0x0800de1d   Thumb Code    54  ffix.o(x$fpl$ffix)
    __aeabi_f2uiz                            0x0800de55   Thumb Code     0  ffixu.o(x$fpl$ffixu)
    _ffixu                                   0x0800de55   Thumb Code    62  ffixu.o(x$fpl$ffixu)
    __aeabi_i2f                              0x0800de95   Thumb Code     0  fflt_clz.o(x$fpl$fflt)
    _fflt                                    0x0800de95   Thumb Code    48  fflt_clz.o(x$fpl$fflt)
    __aeabi_ui2f                             0x0800dec5   Thumb Code     0  fflt_clz.o(x$fpl$ffltu)
    _ffltu                                   0x0800dec5   Thumb Code    38  fflt_clz.o(x$fpl$ffltu)
    __aeabi_fmul                             0x0800deed   Thumb Code     0  fmul.o(x$fpl$fmul)
    _fmul                                    0x0800deed   Thumb Code   258  fmul.o(x$fpl$fmul)
    __fpl_fnaninf                            0x0800dfef   Thumb Code   140  fnaninf.o(x$fpl$fnaninf)
    __fpl_fretinf                            0x0800e07b   Thumb Code    10  fretinf.o(x$fpl$fretinf)
    __aeabi_fsub                             0x0800e085   Thumb Code     0  faddsub_clz.o(x$fpl$fsub)
    _fsub                                    0x0800e085   Thumb Code   234  faddsub_clz.o(x$fpl$fsub)
    _printf_fp_dec                           0x0800e16f   Thumb Code     4  printf1.o(x$fpl$printf1)
    __fpl_return_NaN                         0x0800e173   Thumb Code   100  retnan.o(x$fpl$retnan)
    __ARM_scalbnf                            0x0800e1d7   Thumb Code    76  scalbnf.o(x$fpl$scalbnf)
    __fpl_cmpreturn                          0x0800e223   Thumb Code    48  trapv.o(x$fpl$trapveneer)
    __I$use$fp                               0x0800e252   Number         0  usenofp.o(x$fpl$usenofp)
    asc2_1206                                0x0800e252   Data        1140  lcd.o(.constdata)
    asc2_1608                                0x0800e6c6   Data        1520  lcd.o(.constdata)
    asc2_2412                                0x0800ecb6   Data        3420  lcd.o(.constdata)
    TP_ADJDIS_TBL                            0x0800fa12   Data          12  touch.o(.constdata)
    OTT_TPX_TBL                              0x0800fa1e   Data          10  ott2001a.o(.constdata)
    FT5206_TPX_TBL                           0x0800fa28   Data          10  ft5206.o(.constdata)
    GT9147_CFG_TBL                           0x0800fa32   Data         184  gt9147.o(.constdata)
    GT9147_TPX_TBL                           0x0800faea   Data          10  gt9147.o(.constdata)
    Region$$Table$$Base                      0x0800fe5c   Number         0  anon$$obj.o(Region$$Table)
    Region$$Table$$Limit                     0x0800fe7c   Number         0  anon$$obj.o(Region$$Table)
    __ctype                                  0x0800fea5   Data           0  lc_ctype_c.o(locale$$data)
    SystemCoreClock                          0x20000000   Data           4  system_stm32f10x.o(.data)
    AHBPrescTable                            0x20000004   Data          16  system_stm32f10x.o(.data)
    POINT_COLOR                              0x20000014   Data           2  lcd.o(.data)
    BACK_COLOR                               0x20000016   Data           2  lcd.o(.data)
    SPI_FLASH_TYPE                           0x20000018   Data           2  flash.o(.data)
    SD_Type                                  0x2000001a   Data           1  mmc_sd.o(.data)
    CMD_RDX                                  0x2000001c   Data           1  touch.o(.data)
    CMD_RDY                                  0x2000001d   Data           1  touch.o(.data)
    TP_REMIND_MSG_TBL                        0x20000020   Data           4  touch.o(.data)
    tp_dev                                   0x20000024   Data          52  touch.o(.data)
    USART2_RX_STA                            0x2000005c   Data           2  usart2.o(.data)
    AS608Addr                                0x20000060   Data           4  as608.o(.data)
    a                                        0x20000066   Data           2  zx.o(.data)
    b                                        0x20000068   Data           2  zx.o(.data)
    ValidN                                   0x2000006a   Data           2  zx.o(.data)
    q                                        0x2000006c   Data           4  zx.o(.data)
    kbd_tbl                                  0x20000070   Data           4  zx.o(.data)
    kbd_menu                                 0x20000074   Data          60  zx.o(.data)
    kbd_delFR                                0x200000b0   Data          60  zx.o(.data)
    lxl_bit                                  0x200000ec   Data           1  rc522.o(.data)
    card1_bit                                0x200000ed   Data           1  rc522.o(.data)
    card2_bit                                0x200000ee   Data           1  rc522.o(.data)
    card3_bit                                0x200000ef   Data           1  rc522.o(.data)
    card4_bit                                0x200000f0   Data           1  rc522.o(.data)
    s                                        0x200000f1   Data           1  rc522.o(.data)
    status                                   0x200000f2   Data           1  rc522.o(.data)
    CT                                       0x200000f3   Data           2  rc522.o(.data)
    lxl                                      0x200000f5   Data           4  rc522.o(.data)
    card_1                                   0x200000f9   Data           4  rc522.o(.data)
    card_2                                   0x200000fd   Data           4  rc522.o(.data)
    card_3                                   0x20000101   Data           4  rc522.o(.data)
    card_4                                   0x20000105   Data           4  rc522.o(.data)
    SN                                       0x20000109   Data           4  rc522.o(.data)
    KEY                                      0x2000010d   Data           6  rc522.o(.data)
    USART3_RX_STA                            0x20000114   Data           2  usart3.o(.data)
    USART_RX_STA                             0x2000011a   Data           2  usart.o(.data)
    __stdout                                 0x2000011c   Data           4  usart.o(.data)
    mallco_dev                               0x20000134   Data          20  malloc.o(.data)
    file                                     0x20000148   Data           4  exfuns.o(.data)
    ftemp                                    0x2000014c   Data           4  exfuns.o(.data)
    fatbuf                                   0x20000150   Data           4  exfuns.o(.data)
    fs                                       0x20000154   Data           8  exfuns.o(.data)
    FILE_TYPE_TBL                            0x2000015c   Data         312  exfuns.o(.data)
    FLASH_SECTOR_COUNT                       0x20000294   Data           2  diskio.o(.data)
    sys_cmd_tab                              0x200002a4   Data          28  usmart.o(.data)
    usmart_nametab                           0x200002c0   Data          48  usmart_config.o(.data)
    usmart_dev                               0x200002f0   Data         244  usmart_config.o(.data)
    lcddev                                   0x200003e4   Data          14  lcd.o(.bss)
    SPI_InitStructure                        0x200003f2   Data          18  spi.o(.bss)
    USART2_RX_BUF                            0x20000404   Data         400  usart2.o(.bss)
    USART2_TX_BUF                            0x20000594   Data         400  usart2.o(.bss)
    AS608Para                                0x20000724   Data          12  zx.o(.bss)
    RFID                                     0x20000730   Data          16  rc522.o(.bss)
    USART3_RX_BUF                            0x20000740   Data         600  usart3.o(.bss)
    USART3_TX_BUF                            0x20000998   Data         600  usart3.o(.bss)
    USART_RX_BUF                             0x20000bf0   Data         200  usart.o(.bss)
    membase                                  0x20000cb8   Data       35840  malloc.o(.bss)
    memmapbase                               0x200098b8   Data        2240  malloc.o(.bss)
    ftinfo                                   0x2000a178   Data          33  fontupd.o(.bss)
    __libspace_start                         0x2000a19c   Data          96  libspace.o(.bss)
    __temporary_stack_top$libspace           0x2000a1fc   Data           0  libspace.o(.bss)



==============================================================================

Memory Map of the image

  Image Entry point : 0x08000131

  Load Region LR_IROM1 (Base: 0x08000000, Size: 0x0001038c, Max: 0x00040000, ABSOLUTE, COMPRESSED[0x000100f4])

    Execution Region ER_IROM1 (Exec base: 0x08000000, Load base: 0x08000000, Size: 0x0000ffa8, Max: 0x00040000, ABSOLUTE)

    Exec Addr    Load Addr    Size         Type   Attr      Idx    E Section Name        Object

    0x08000000   0x08000000   0x00000130   Data   RO         1814    RESET               startup_stm32f10x_hd.o
    0x08000130   0x08000130   0x00000008   Code   RO         4131  * !!!main             c_w.l(__main.o)
    0x08000138   0x08000138   0x00000034   Code   RO         4479    !!!scatter          c_w.l(__scatter.o)
    0x0800016c   0x0800016c   0x0000005a   Code   RO         4477    !!dczerorl2         c_w.l(__dczerorl2.o)
    0x080001c6   0x080001c6   0x00000002   PAD
    0x080001c8   0x080001c8   0x0000001c   Code   RO         4481    !!handler_zi        c_w.l(__scatter_zi.o)
    0x080001e4   0x080001e4   0x00000000   Code   RO         4118    .ARM.Collect$$_printf_percent$$00000000  c_w.l(_printf_percent.o)
    0x080001e4   0x080001e4   0x00000006   Code   RO         4219    .ARM.Collect$$_printf_percent$$00000001  c_w.l(_printf_n.o)
    0x080001ea   0x080001ea   0x00000006   Code   RO         4220    .ARM.Collect$$_printf_percent$$00000002  c_w.l(_printf_p.o)
    0x080001f0   0x080001f0   0x00000006   Code   RO         4223    .ARM.Collect$$_printf_percent$$00000003  c_w.l(_printf_f.o)
    0x080001f6   0x080001f6   0x00000006   Code   RO         4224    .ARM.Collect$$_printf_percent$$00000004  c_w.l(_printf_e.o)
    0x080001fc   0x080001fc   0x00000006   Code   RO         4225    .ARM.Collect$$_printf_percent$$00000005  c_w.l(_printf_g.o)
    0x08000202   0x08000202   0x00000006   Code   RO         4226    .ARM.Collect$$_printf_percent$$00000006  c_w.l(_printf_a.o)
    0x08000208   0x08000208   0x0000000a   Code   RO         4231    .ARM.Collect$$_printf_percent$$00000007  c_w.l(_printf_ll.o)
    0x08000212   0x08000212   0x00000006   Code   RO         4222    .ARM.Collect$$_printf_percent$$00000008  c_w.l(_printf_i.o)
    0x08000218   0x08000218   0x00000006   Code   RO         4116    .ARM.Collect$$_printf_percent$$00000009  c_w.l(_printf_d.o)
    0x0800021e   0x0800021e   0x00000006   Code   RO         4117    .ARM.Collect$$_printf_percent$$0000000A  c_w.l(_printf_u.o)
    0x08000224   0x08000224   0x00000006   Code   RO         4221    .ARM.Collect$$_printf_percent$$0000000B  c_w.l(_printf_o.o)
    0x0800022a   0x0800022a   0x00000006   Code   RO         4115    .ARM.Collect$$_printf_percent$$0000000C  c_w.l(_printf_x.o)
    0x08000230   0x08000230   0x00000006   Code   RO         4228    .ARM.Collect$$_printf_percent$$0000000D  c_w.l(_printf_lli.o)
    0x08000236   0x08000236   0x00000006   Code   RO         4229    .ARM.Collect$$_printf_percent$$0000000E  c_w.l(_printf_lld.o)
    0x0800023c   0x0800023c   0x00000006   Code   RO         4230    .ARM.Collect$$_printf_percent$$0000000F  c_w.l(_printf_llu.o)
    0x08000242   0x08000242   0x00000006   Code   RO         4235    .ARM.Collect$$_printf_percent$$00000010  c_w.l(_printf_llo.o)
    0x08000248   0x08000248   0x00000006   Code   RO         4236    .ARM.Collect$$_printf_percent$$00000011  c_w.l(_printf_llx.o)
    0x0800024e   0x0800024e   0x0000000a   Code   RO         4232    .ARM.Collect$$_printf_percent$$00000012  c_w.l(_printf_l.o)
    0x08000258   0x08000258   0x00000006   Code   RO         4113    .ARM.Collect$$_printf_percent$$00000013  c_w.l(_printf_c.o)
    0x0800025e   0x0800025e   0x00000006   Code   RO         4114    .ARM.Collect$$_printf_percent$$00000014  c_w.l(_printf_s.o)
    0x08000264   0x08000264   0x00000006   Code   RO         4233    .ARM.Collect$$_printf_percent$$00000015  c_w.l(_printf_lc.o)
    0x0800026a   0x0800026a   0x00000006   Code   RO         4234    .ARM.Collect$$_printf_percent$$00000016  c_w.l(_printf_ls.o)
    0x08000270   0x08000270   0x00000004   Code   RO         4227    .ARM.Collect$$_printf_percent$$00000017  c_w.l(_printf_percent_end.o)
    0x08000274   0x08000274   0x00000002   Code   RO         4345    .ARM.Collect$$libinit$$00000000  c_w.l(libinit.o)
    0x08000276   0x08000276   0x00000000   Code   RO         4358    .ARM.Collect$$libinit$$00000002  c_w.l(libinit2.o)
    0x08000276   0x08000276   0x00000000   Code   RO         4360    .ARM.Collect$$libinit$$00000004  c_w.l(libinit2.o)
    0x08000276   0x08000276   0x00000000   Code   RO         4363    .ARM.Collect$$libinit$$0000000A  c_w.l(libinit2.o)
    0x08000276   0x08000276   0x00000000   Code   RO         4365    .ARM.Collect$$libinit$$0000000C  c_w.l(libinit2.o)
    0x08000276   0x08000276   0x00000000   Code   RO         4367    .ARM.Collect$$libinit$$0000000E  c_w.l(libinit2.o)
    0x08000276   0x08000276   0x00000006   Code   RO         4368    .ARM.Collect$$libinit$$0000000F  c_w.l(libinit2.o)
    0x0800027c   0x0800027c   0x00000000   Code   RO         4370    .ARM.Collect$$libinit$$00000011  c_w.l(libinit2.o)
    0x0800027c   0x0800027c   0x0000000c   Code   RO         4371    .ARM.Collect$$libinit$$00000012  c_w.l(libinit2.o)
    0x08000288   0x08000288   0x00000000   Code   RO         4372    .ARM.Collect$$libinit$$00000013  c_w.l(libinit2.o)
    0x08000288   0x08000288   0x00000000   Code   RO         4374    .ARM.Collect$$libinit$$00000015  c_w.l(libinit2.o)
    0x08000288   0x08000288   0x0000000a   Code   RO         4375    .ARM.Collect$$libinit$$00000016  c_w.l(libinit2.o)
    0x08000292   0x08000292   0x00000000   Code   RO         4376    .ARM.Collect$$libinit$$00000017  c_w.l(libinit2.o)
    0x08000292   0x08000292   0x00000000   Code   RO         4378    .ARM.Collect$$libinit$$00000019  c_w.l(libinit2.o)
    0x08000292   0x08000292   0x00000000   Code   RO         4380    .ARM.Collect$$libinit$$0000001B  c_w.l(libinit2.o)
    0x08000292   0x08000292   0x00000000   Code   RO         4382    .ARM.Collect$$libinit$$0000001D  c_w.l(libinit2.o)
    0x08000292   0x08000292   0x00000000   Code   RO         4384    .ARM.Collect$$libinit$$0000001F  c_w.l(libinit2.o)
    0x08000292   0x08000292   0x00000000   Code   RO         4386    .ARM.Collect$$libinit$$00000021  c_w.l(libinit2.o)
    0x08000292   0x08000292   0x00000000   Code   RO         4388    .ARM.Collect$$libinit$$00000023  c_w.l(libinit2.o)
    0x08000292   0x08000292   0x00000000   Code   RO         4390    .ARM.Collect$$libinit$$00000025  c_w.l(libinit2.o)
    0x08000292   0x08000292   0x00000000   Code   RO         4394    .ARM.Collect$$libinit$$0000002C  c_w.l(libinit2.o)
    0x08000292   0x08000292   0x00000000   Code   RO         4396    .ARM.Collect$$libinit$$0000002E  c_w.l(libinit2.o)
    0x08000292   0x08000292   0x00000000   Code   RO         4398    .ARM.Collect$$libinit$$00000030  c_w.l(libinit2.o)
    0x08000292   0x08000292   0x00000000   Code   RO         4400    .ARM.Collect$$libinit$$00000032  c_w.l(libinit2.o)
    0x08000292   0x08000292   0x00000002   Code   RO         4401    .ARM.Collect$$libinit$$00000033  c_w.l(libinit2.o)
    0x08000294   0x08000294   0x00000002   Code   RO         4419    .ARM.Collect$$libshutdown$$00000000  c_w.l(libshutdown.o)
    0x08000296   0x08000296   0x00000000   Code   RO         4429    .ARM.Collect$$libshutdown$$00000002  c_w.l(libshutdown2.o)
    0x08000296   0x08000296   0x00000000   Code   RO         4431    .ARM.Collect$$libshutdown$$00000004  c_w.l(libshutdown2.o)
    0x08000296   0x08000296   0x00000000   Code   RO         4434    .ARM.Collect$$libshutdown$$00000007  c_w.l(libshutdown2.o)
    0x08000296   0x08000296   0x00000000   Code   RO         4437    .ARM.Collect$$libshutdown$$0000000A  c_w.l(libshutdown2.o)
    0x08000296   0x08000296   0x00000000   Code   RO         4439    .ARM.Collect$$libshutdown$$0000000C  c_w.l(libshutdown2.o)
    0x08000296   0x08000296   0x00000000   Code   RO         4442    .ARM.Collect$$libshutdown$$0000000F  c_w.l(libshutdown2.o)
    0x08000296   0x08000296   0x00000002   Code   RO         4443    .ARM.Collect$$libshutdown$$00000010  c_w.l(libshutdown2.o)
    0x08000298   0x08000298   0x00000000   Code   RO         4191    .ARM.Collect$$rtentry$$00000000  c_w.l(__rtentry.o)
    0x08000298   0x08000298   0x00000000   Code   RO         4259    .ARM.Collect$$rtentry$$00000002  c_w.l(__rtentry2.o)
    0x08000298   0x08000298   0x00000006   Code   RO         4271    .ARM.Collect$$rtentry$$00000004  c_w.l(__rtentry4.o)
    0x0800029e   0x0800029e   0x00000000   Code   RO         4261    .ARM.Collect$$rtentry$$00000009  c_w.l(__rtentry2.o)
    0x0800029e   0x0800029e   0x00000004   Code   RO         4262    .ARM.Collect$$rtentry$$0000000A  c_w.l(__rtentry2.o)
    0x080002a2   0x080002a2   0x00000000   Code   RO         4264    .ARM.Collect$$rtentry$$0000000C  c_w.l(__rtentry2.o)
    0x080002a2   0x080002a2   0x00000008   Code   RO         4265    .ARM.Collect$$rtentry$$0000000D  c_w.l(__rtentry2.o)
    0x080002aa   0x080002aa   0x00000002   Code   RO         4352    .ARM.Collect$$rtexit$$00000000  c_w.l(rtexit.o)
    0x080002ac   0x080002ac   0x00000000   Code   RO         4403    .ARM.Collect$$rtexit$$00000002  c_w.l(rtexit2.o)
    0x080002ac   0x080002ac   0x00000004   Code   RO         4404    .ARM.Collect$$rtexit$$00000003  c_w.l(rtexit2.o)
    0x080002b0   0x080002b0   0x00000006   Code   RO         4405    .ARM.Collect$$rtexit$$00000004  c_w.l(rtexit2.o)
    0x080002b6   0x080002b6   0x00000002   PAD
    0x080002b8   0x080002b8   0x00000040   Code   RO         1815    .text               startup_stm32f10x_hd.o
    0x080002f8   0x080002f8   0x00000002   Code   RO         4052    .text               c_w.l(use_no_semi_2.o)
    0x080002fa   0x080002fa   0x00000002   PAD
    0x080002fc   0x080002fc   0x00000024   Code   RO         4054    .text               c_w.l(c89vsprintf.o)
    0x08000320   0x08000320   0x00000018   Code   RO         4056    .text               c_w.l(__2printf.o)
    0x08000338   0x08000338   0x0000002c   Code   RO         4058    .text               c_w.l(__2sprintf.o)
    0x08000364   0x08000364   0x0000004e   Code   RO         4066    .text               c_w.l(_printf_pad.o)
    0x080003b2   0x080003b2   0x00000052   Code   RO         4068    .text               c_w.l(_printf_str.o)
    0x08000404   0x08000404   0x00000078   Code   RO         4070    .text               c_w.l(_printf_dec.o)
    0x0800047c   0x0800047c   0x00000094   Code   RO         4090    .text               c_w.l(_printf_hex_int_ll_ptr.o)
    0x08000510   0x08000510   0x00000188   Code   RO         4110    .text               c_w.l(__printf_flags_ss_wp.o)
    0x08000698   0x08000698   0x00000024   Code   RO         4119    .text               c_w.l(strstr.o)
    0x080006bc   0x080006bc   0x0000003e   Code   RO         4123    .text               c_w.l(strlen.o)
    0x080006fa   0x080006fa   0x00000002   PAD
    0x080006fc   0x080006fc   0x00000080   Code   RO         4127    .text               c_w.l(strcmpv7m.o)
    0x0800077c   0x0800077c   0x00000006   Code   RO         4129    .text               c_w.l(heapauxi.o)
    0x08000782   0x08000782   0x00000002   Code   RO         4189    .text               c_w.l(use_no_semi.o)
    0x08000784   0x08000784   0x00000016   Code   RO         4192    .text               c_w.l(_rserrno.o)
    0x0800079a   0x0800079a   0x00000024   Code   RO         4194    .text               c_w.l(_printf_truncate.o)
    0x080007be   0x080007be   0x000000b2   Code   RO         4196    .text               c_w.l(_printf_intcommon.o)
    0x08000870   0x08000870   0x00000028   Code   RO         4198    .text               c_w.l(_printf_charcount.o)
    0x08000898   0x08000898   0x00000030   Code   RO         4200    .text               c_w.l(_printf_char_common.o)
    0x080008c8   0x080008c8   0x0000000a   Code   RO         4202    .text               c_w.l(_sputc.o)
    0x080008d2   0x080008d2   0x0000002c   Code   RO         4204    .text               c_w.l(_printf_char.o)
    0x080008fe   0x080008fe   0x00000002   PAD
    0x08000900   0x08000900   0x00000024   Code   RO         4206    .text               c_w.l(_printf_char_file.o)
    0x08000924   0x08000924   0x000000bc   Code   RO         4208    .text               c_w.l(_printf_wctomb.o)
    0x080009e0   0x080009e0   0x0000007c   Code   RO         4211    .text               c_w.l(_printf_longlong_dec.o)
    0x08000a5c   0x08000a5c   0x00000070   Code   RO         4217    .text               c_w.l(_printf_oct_int_ll.o)
    0x08000acc   0x08000acc   0x00000008   Code   RO         4276    .text               c_w.l(rt_errno_addr_intlibspace.o)
    0x08000ad4   0x08000ad4   0x0000008a   Code   RO         4278    .text               c_w.l(lludiv10.o)
    0x08000b5e   0x08000b5e   0x0000041e   Code   RO         4280    .text               c_w.l(_printf_fp_dec.o)
    0x08000f7c   0x08000f7c   0x0000002c   Code   RO         4284    .text               c_w.l(_printf_wchar.o)
    0x08000fa8   0x08000fa8   0x00000008   Code   RO         4286    .text               c_w.l(ferror.o)
    0x08000fb0   0x08000fb0   0x00000040   Code   RO         4290    .text               c_w.l(_wcrtomb.o)
    0x08000ff0   0x08000ff0   0x00000008   Code   RO         4296    .text               c_w.l(libspace.o)
    0x08000ff8   0x08000ff8   0x0000004a   Code   RO         4299    .text               c_w.l(sys_stackheap_outer.o)
    0x08001042   0x08001042   0x00000002   PAD
    0x08001044   0x08001044   0x00000010   Code   RO         4301    .text               c_w.l(rt_ctype_table.o)
    0x08001054   0x08001054   0x00000008   Code   RO         4306    .text               c_w.l(rt_locale_intlibspace.o)
    0x0800105c   0x0800105c   0x00000080   Code   RO         4308    .text               c_w.l(_printf_fp_infnan.o)
    0x080010dc   0x080010dc   0x000000e4   Code   RO         4310    .text               c_w.l(bigflt0.o)
    0x080011c0   0x080011c0   0x00000012   Code   RO         4338    .text               c_w.l(exit.o)
    0x080011d2   0x080011d2   0x0000003e   Code   RO         4313    CL$$btod_d2e        c_w.l(btod.o)
    0x08001210   0x08001210   0x00000046   Code   RO         4315    CL$$btod_d2e_denorm_low  c_w.l(btod.o)
    0x08001256   0x08001256   0x00000060   Code   RO         4314    CL$$btod_d2e_norm_op1  c_w.l(btod.o)
    0x080012b6   0x080012b6   0x00000338   Code   RO         4323    CL$$btod_div_common  c_w.l(btod.o)
    0x080015ee   0x080015ee   0x000000dc   Code   RO         4320    CL$$btod_e2e        c_w.l(btod.o)
    0x080016ca   0x080016ca   0x0000002a   Code   RO         4317    CL$$btod_ediv       c_w.l(btod.o)
    0x080016f4   0x080016f4   0x0000002a   Code   RO         4316    CL$$btod_emul       c_w.l(btod.o)
    0x0800171e   0x0800171e   0x00000244   Code   RO         4322    CL$$btod_mult_common  c_w.l(btod.o)
    0x08001962   0x08001962   0x00000002   PAD
    0x08001964   0x08001964   0x000000cc   Code   RO         1328    i.AS608_get_keynum  zx.o
    0x08001a30   0x08001a30   0x000000b4   Code   RO         1329    i.AS608_key_staset  zx.o
    0x08001ae4   0x08001ae4   0x00000114   Code   RO         1330    i.AS608_load_keyboard  zx.o
    0x08001bf8   0x08001bf8   0x00000004   Code   RO          770    i.AT24CXX_Init      24cxx.o
    0x08001bfc   0x08001bfc   0x0000002a   Code   RO          772    i.AT24CXX_ReadLenByte  24cxx.o
    0x08001c26   0x08001c26   0x00000042   Code   RO          773    i.AT24CXX_ReadOneByte  24cxx.o
    0x08001c68   0x08001c68   0x0000002a   Code   RO          775    i.AT24CXX_WriteLenByte  24cxx.o
    0x08001c92   0x08001c92   0x0000003e   Code   RO          776    i.AT24CXX_WriteOneByte  24cxx.o
    0x08001cd0   0x08001cd0   0x000003e4   Code   RO         1331    i.Add_FR            zx.o
    0x080020b4   0x080020b4   0x00000250   Code   RO         1332    i.Administrator     zx.o
    0x08002304   0x08002304   0x00000002   Code   RO          153    i.BusFault_Handler  stm32f10x_it.o
    0x08002306   0x08002306   0x00000002   PAD
    0x08002308   0x08002308   0x00000040   Code   RO          966    i.CT_IIC_Ack        ctiic.o
    0x08002348   0x08002348   0x0000003c   Code   RO          967    i.CT_IIC_Init       ctiic.o
    0x08002384   0x08002384   0x00000040   Code   RO          968    i.CT_IIC_NAck       ctiic.o
    0x080023c4   0x080023c4   0x00000068   Code   RO          969    i.CT_IIC_Read_Byte  ctiic.o
    0x0800242c   0x0800242c   0x00000058   Code   RO          970    i.CT_IIC_Send_Byte  ctiic.o
    0x08002484   0x08002484   0x00000040   Code   RO          971    i.CT_IIC_Start      ctiic.o
    0x080024c4   0x080024c4   0x00000040   Code   RO          972    i.CT_IIC_Stop       ctiic.o
    0x08002504   0x08002504   0x00000058   Code   RO          973    i.CT_IIC_Wait_Ack   ctiic.o
    0x0800255c   0x0800255c   0x0000007c   Code   RO         1333    i.CZID              zx.o
    0x080025d8   0x080025d8   0x00000066   Code   RO         1454    i.CalulateCRC       rc522.o
    0x0800263e   0x0800263e   0x00000018   Code   RO         1455    i.ClearBitMask      rc522.o
    0x08002656   0x08002656   0x00000002   Code   RO          154    i.DebugMon_Handler  stm32f10x_it.o
    0x08002658   0x08002658   0x0000016c   Code   RO         1334    i.Del_FR            zx.o
    0x080027c4   0x080027c4   0x00000244   Code   RO         1140    i.EnsureMessage     as608.o
    0x08002a08   0x08002a08   0x000000e4   Code   RO         1025    i.FT5206_Init       ft5206.o
    0x08002aec   0x08002aec   0x00000056   Code   RO         1026    i.FT5206_RD_Reg     ft5206.o
    0x08002b42   0x08002b42   0x00000002   PAD
    0x08002b44   0x08002b44   0x00000140   Code   RO         1027    i.FT5206_Scan       ft5206.o
    0x08002c84   0x08002c84   0x00000048   Code   RO         1028    i.FT5206_WR_Reg     ft5206.o
    0x08002ccc   0x08002ccc   0x00000072   Code   RO         1335    i.GET_NUM           zx.o
    0x08002d3e   0x08002d3e   0x00000002   PAD
    0x08002d40   0x08002d40   0x00000180   Code   RO         1336    i.GLkspas           zx.o
    0x08002ec0   0x08002ec0   0x000000a2   Code   RO         1825    i.GPIO_Init         stm32f10x_gpio.o
    0x08002f62   0x08002f62   0x00000002   PAD
    0x08002f64   0x08002f64   0x00000058   Code   RO         1827    i.GPIO_PinRemapConfig  stm32f10x_gpio.o
    0x08002fbc   0x08002fbc   0x0000000e   Code   RO         1829    i.GPIO_ReadInputDataBit  stm32f10x_gpio.o
    0x08002fca   0x08002fca   0x00000004   Code   RO         1832    i.GPIO_ResetBits    stm32f10x_gpio.o
    0x08002fce   0x08002fce   0x00000004   Code   RO         1833    i.GPIO_SetBits      stm32f10x_gpio.o
    0x08002fd2   0x08002fd2   0x00000002   PAD
    0x08002fd4   0x08002fd4   0x00000118   Code   RO         1062    i.GT9147_Init       gt9147.o
    0x080030ec   0x080030ec   0x00000060   Code   RO         1063    i.GT9147_RD_Reg     gt9147.o
    0x0800314c   0x0800314c   0x00000140   Code   RO         1064    i.GT9147_Scan       gt9147.o
    0x0800328c   0x0800328c   0x00000050   Code   RO         1065    i.GT9147_Send_Cfg   gt9147.o
    0x080032dc   0x080032dc   0x00000052   Code   RO         1066    i.GT9147_WR_Reg     gt9147.o
    0x0800332e   0x0800332e   0x00000002   PAD
    0x08003330   0x08003330   0x00000094   Code   RO         3856    i.Get_HzMat         text.o
    0x080033c4   0x080033c4   0x000000f8   Code   RO         1627    i.HC05_Init         hc05.o
    0x080034bc   0x080034bc   0x00000002   Code   RO          155    i.HardFault_Handler  stm32f10x_it.o
    0x080034be   0x080034be   0x00000002   PAD
    0x080034c0   0x080034c0   0x00000210   Code   RO         1337    i.IDpas             zx.o
    0x080036d0   0x080036d0   0x00000040   Code   RO          712    i.IIC_Ack           myiic.o
    0x08003710   0x08003710   0x0000003c   Code   RO          713    i.IIC_Init          myiic.o
    0x0800374c   0x0800374c   0x00000040   Code   RO          714    i.IIC_NAck          myiic.o
    0x0800378c   0x0800378c   0x0000006c   Code   RO          715    i.IIC_Read_Byte     myiic.o
    0x080037f8   0x080037f8   0x00000060   Code   RO          716    i.IIC_Send_Byte     myiic.o
    0x08003858   0x08003858   0x00000040   Code   RO          717    i.IIC_Start         myiic.o
    0x08003898   0x08003898   0x00000044   Code   RO          718    i.IIC_Stop          myiic.o
    0x080038dc   0x080038dc   0x00000058   Code   RO          719    i.IIC_Wait_Ack      myiic.o
    0x08003934   0x08003934   0x00000070   Code   RO         1141    i.JudgeStr          as608.o
    0x080039a4   0x080039a4   0x00000060   Code   RO         1686    i.KEY_Init          key.o
    0x08003a04   0x08003a04   0x00000080   Code   RO          263    i.LCD_Clear         lcd.o
    0x08003a84   0x08003a84   0x00000134   Code   RO          267    i.LCD_Display_Dir   lcd.o
    0x08003bb8   0x08003bb8   0x0000009a   Code   RO          268    i.LCD_DrawLine      lcd.o
    0x08003c52   0x08003c52   0x00000002   PAD
    0x08003c54   0x08003c54   0x00000034   Code   RO          269    i.LCD_DrawPoint     lcd.o
    0x08003c88   0x08003c88   0x00000038   Code   RO          270    i.LCD_DrawRectangle  lcd.o
    0x08003cc0   0x08003cc0   0x000000b0   Code   RO          271    i.LCD_Draw_Circle   lcd.o
    0x08003d70   0x08003d70   0x00000250   Code   RO          272    i.LCD_Fast_DrawPoint  lcd.o
    0x08003fc0   0x08003fc0   0x000000b0   Code   RO          273    i.LCD_Fill          lcd.o
    0x08004070   0x08004070   0x000037f4   Code   RO          274    i.LCD_Init          lcd.o
    0x08007864   0x08007864   0x00000010   Code   RO          275    i.LCD_Pow           lcd.o
    0x08007874   0x08007874   0x00000070   Code   RO          276    i.LCD_RD_DATA       lcd.o
    0x080078e4   0x080078e4   0x0000000e   Code   RO          278    i.LCD_ReadReg       lcd.o
    0x080078f2   0x080078f2   0x00000002   PAD
    0x080078f4   0x080078f4   0x0000009c   Code   RO          279    i.LCD_SSD_BackLightSet  lcd.o
    0x08007990   0x08007990   0x00000350   Code   RO          280    i.LCD_Scan_Dir      lcd.o
    0x08007ce0   0x08007ce0   0x0000034c   Code   RO          281    i.LCD_SetCursor     lcd.o
    0x0800802c   0x0800802c   0x000000d4   Code   RO          283    i.LCD_ShowChar      lcd.o
    0x08008100   0x08008100   0x00000076   Code   RO          284    i.LCD_ShowNum       lcd.o
    0x08008176   0x08008176   0x00000054   Code   RO          285    i.LCD_ShowString    lcd.o
    0x080081ca   0x080081ca   0x00000002   PAD
    0x080081cc   0x080081cc   0x00000024   Code   RO          287    i.LCD_WR_DATAX      lcd.o
    0x080081f0   0x080081f0   0x00000024   Code   RO          288    i.LCD_WR_REG        lcd.o
    0x08008214   0x08008214   0x0000000c   Code   RO          290    i.LCD_WriteRAM_Prepare  lcd.o
    0x08008220   0x08008220   0x0000002c   Code   RO          291    i.LCD_WriteReg      lcd.o
    0x0800824c   0x0800824c   0x00000034   Code   RO         1613    i.LED_Init          led.o
    0x08008280   0x08008280   0x00000056   Code   RO         1457    i.M500PcdConfigISOType  rc522.o
    0x080082d6   0x080082d6   0x00000002   PAD
    0x080082d8   0x080082d8   0x00000014   Code   RO         1142    i.MYUSART_SendData  as608.o
    0x080082ec   0x080082ec   0x00000002   Code   RO          156    i.MemManage_Handler  stm32f10x_it.o
    0x080082ee   0x080082ee   0x00000002   Code   RO          157    i.NMI_Handler       stm32f10x_it.o
    0x080082f0   0x080082f0   0x00000064   Code   RO         2313    i.NVIC_Init         misc.o
    0x08008354   0x08008354   0x00000014   Code   RO         2314    i.NVIC_PriorityGroupConfig  misc.o
    0x08008368   0x08008368   0x000000b0   Code   RO          922    i.OTT2001A_Init     ott2001a.o
    0x08008418   0x08008418   0x00000060   Code   RO          923    i.OTT2001A_RD_Reg   ott2001a.o
    0x08008478   0x08008478   0x0000016c   Code   RO          924    i.OTT2001A_Scan     ott2001a.o
    0x080085e4   0x080085e4   0x0000001e   Code   RO          925    i.OTT2001A_SensorControl  ott2001a.o
    0x08008602   0x08008602   0x00000052   Code   RO          926    i.OTT2001A_WR_Reg   ott2001a.o
    0x08008654   0x08008654   0x0000005e   Code   RO         1143    i.PS_DeletChar      as608.o
    0x080086b2   0x080086b2   0x00000034   Code   RO         1144    i.PS_Empty          as608.o
    0x080086e6   0x080086e6   0x0000003c   Code   RO         1145    i.PS_GenChar        as608.o
    0x08008722   0x08008722   0x00000034   Code   RO         1146    i.PS_GetImage       as608.o
    0x08008756   0x08008756   0x00000002   PAD
    0x08008758   0x08008758   0x0000006c   Code   RO         1147    i.PS_HandShake      as608.o
    0x080087c4   0x080087c4   0x00000084   Code   RO         1148    i.PS_HighSpeedSearch  as608.o
    0x08008848   0x08008848   0x00000034   Code   RO         1149    i.PS_Match          as608.o
    0x0800887c   0x0800887c   0x000000e4   Code   RO         1151    i.PS_ReadSysPara    as608.o
    0x08008960   0x08008960   0x00000034   Code   RO         1152    i.PS_RegModel       as608.o
    0x08008994   0x08008994   0x000000a4   Code   RO         1154    i.PS_SetAddr        as608.o
    0x08008a38   0x08008a38   0x0000002c   Code   RO         1155    i.PS_StaGPIO_Init   as608.o
    0x08008a64   0x08008a64   0x00000052   Code   RO         1156    i.PS_StoreChar      as608.o
    0x08008ab6   0x08008ab6   0x00000002   PAD
    0x08008ab8   0x08008ab8   0x0000007c   Code   RO         1157    i.PS_ValidTempleteNum  as608.o
    0x08008b34   0x08008b34   0x0000007c   Code   RO         1159    i.PS_WriteReg       as608.o
    0x08008bb0   0x08008bb0   0x0000001a   Code   RO         1459    i.PcdAntennaOn      rc522.o
    0x08008bca   0x08008bca   0x0000006a   Code   RO         1460    i.PcdAnticoll       rc522.o
    0x08008c34   0x08008c34   0x00000052   Code   RO         1461    i.PcdAuthState      rc522.o
    0x08008c86   0x08008c86   0x00000116   Code   RO         1462    i.PcdComMF522       rc522.o
    0x08008d9c   0x08008d9c   0x0000004a   Code   RO         1464    i.PcdRead           rc522.o
    0x08008de6   0x08008de6   0x00000050   Code   RO         1465    i.PcdRequest        rc522.o
    0x08008e36   0x08008e36   0x00000002   PAD
    0x08008e38   0x08008e38   0x00000080   Code   RO         1466    i.PcdReset          rc522.o
    0x08008eb8   0x08008eb8   0x00000062   Code   RO         1467    i.PcdSelect         rc522.o
    0x08008f1a   0x08008f1a   0x00000002   Code   RO          158    i.PendSV_Handler    stm32f10x_it.o
    0x08008f1c   0x08008f1c   0x000001d0   Code   RO         1469    i.RC522_Handel      rc522.o
    0x080090ec   0x080090ec   0x0000002c   Code   RO         1470    i.RC522_Init        rc522.o
    0x08009118   0x08009118   0x00000018   Code   RO         1935    i.RCC_APB1PeriphClockCmd  stm32f10x_rcc.o
    0x08009130   0x08009130   0x00000018   Code   RO         1936    i.RCC_APB1PeriphResetCmd  stm32f10x_rcc.o
    0x08009148   0x08009148   0x00000018   Code   RO         1937    i.RCC_APB2PeriphClockCmd  stm32f10x_rcc.o
    0x08009160   0x08009160   0x00000018   Code   RO         1938    i.RCC_APB2PeriphResetCmd  stm32f10x_rcc.o
    0x08009178   0x08009178   0x00000090   Code   RO         1945    i.RCC_GetClocksFreq  stm32f10x_rcc.o
    0x08009208   0x08009208   0x00000034   Code   RO         1471    i.ReadRawRC         rc522.o
    0x0800923c   0x0800923c   0x00000014   Code   RO          605    i.SD_DisSelect      mmc_sd.o
    0x08009250   0x08009250   0x00000028   Code   RO          608    i.SD_GetResponse    mmc_sd.o
    0x08009278   0x08009278   0x00000158   Code   RO          610    i.SD_Initialize     mmc_sd.o
    0x080093d0   0x080093d0   0x0000006c   Code   RO          611    i.SD_ReadDisk       mmc_sd.o
    0x0800943c   0x0800943c   0x00000034   Code   RO          612    i.SD_RecvData       mmc_sd.o
    0x08009470   0x08009470   0x00000044   Code   RO          613    i.SD_SPI_Init       mmc_sd.o
    0x080094b4   0x080094b4   0x00000004   Code   RO          614    i.SD_SPI_ReadWriteByte  mmc_sd.o
    0x080094b8   0x080094b8   0x00000006   Code   RO          615    i.SD_SPI_SpeedHigh  mmc_sd.o
    0x080094be   0x080094be   0x00000006   Code   RO          616    i.SD_SPI_SpeedLow   mmc_sd.o
    0x080094c4   0x080094c4   0x00000020   Code   RO          617    i.SD_Select         mmc_sd.o
    0x080094e4   0x080094e4   0x00000050   Code   RO          618    i.SD_SendBlock      mmc_sd.o
    0x08009534   0x08009534   0x0000005e   Code   RO          619    i.SD_SendCmd        mmc_sd.o
    0x08009592   0x08009592   0x00000020   Code   RO          620    i.SD_WaitReady      mmc_sd.o
    0x080095b2   0x080095b2   0x00000002   PAD
    0x080095b4   0x080095b4   0x00000080   Code   RO          621    i.SD_WriteDisk      mmc_sd.o
    0x08009634   0x08009634   0x0000007c   Code   RO          466    i.SPI1_Init         spi.o
    0x080096b0   0x080096b0   0x0000008c   Code   RO         1472    i.SPI1_Initr        rc522.o
    0x0800973c   0x0800973c   0x00000050   Code   RO          467    i.SPI1_ReadWriteByte  spi.o
    0x0800978c   0x0800978c   0x00000020   Code   RO          468    i.SPI1_SetSpeed     spi.o
    0x080097ac   0x080097ac   0x00000014   Code   RO         2354    i.SPI_Cmd           stm32f10x_spi.o
    0x080097c0   0x080097c0   0x00000020   Code   RO          497    i.SPI_FLASH_Write_Enable  flash.o
    0x080097e0   0x080097e0   0x00000044   Code   RO          500    i.SPI_Flash_Erase_Sector  flash.o
    0x08009824   0x08009824   0x0000004c   Code   RO          501    i.SPI_Flash_Init    flash.o
    0x08009870   0x08009870   0x0000005c   Code   RO          503    i.SPI_Flash_Read    flash.o
    0x080098cc   0x080098cc   0x00000044   Code   RO          504    i.SPI_Flash_ReadID  flash.o
    0x08009910   0x08009910   0x00000024   Code   RO          505    i.SPI_Flash_ReadSR  flash.o
    0x08009934   0x08009934   0x0000000e   Code   RO          507    i.SPI_Flash_Wait_Busy  flash.o
    0x08009942   0x08009942   0x000000b4   Code   RO          508    i.SPI_Flash_Write   flash.o
    0x080099f6   0x080099f6   0x0000003e   Code   RO          509    i.SPI_Flash_Write_NoCheck  flash.o
    0x08009a34   0x08009a34   0x00000058   Code   RO          510    i.SPI_Flash_Write_Page  flash.o
    0x08009a8c   0x08009a8c   0x0000000e   Code   RO         2362    i.SPI_I2S_GetFlagStatus  stm32f10x_spi.o
    0x08009a9a   0x08009a9a   0x00000004   Code   RO         2365    i.SPI_I2S_ReceiveData  stm32f10x_spi.o
    0x08009a9e   0x08009a9e   0x00000004   Code   RO         2366    i.SPI_I2S_SendData  stm32f10x_spi.o
    0x08009aa2   0x08009aa2   0x00000038   Code   RO         2367    i.SPI_Init          stm32f10x_spi.o
    0x08009ada   0x08009ada   0x00000002   PAD
    0x08009adc   0x08009adc   0x00000058   Code   RO         1473    i.SPI_RC522_ReadByte  rc522.o
    0x08009b34   0x08009b34   0x00000058   Code   RO         1474    i.SPI_RC522_SendByte  rc522.o
    0x08009b8c   0x08009b8c   0x0000005c   Code   RO          511    i.SPI_USART_IO_SET  flash.o
    0x08009be8   0x08009be8   0x00000002   Code   RO          159    i.SVC_Handler       stm32f10x_it.o
    0x08009bea   0x08009bea   0x00000002   PAD
    0x08009bec   0x08009bec   0x00000030   Code   RO         1160    i.SendAddr          as608.o
    0x08009c1c   0x08009c1c   0x00000014   Code   RO         1161    i.SendCheck         as608.o
    0x08009c30   0x08009c30   0x00000012   Code   RO         1162    i.SendHead          as608.o
    0x08009c42   0x08009c42   0x00000016   Code   RO         1163    i.SendLength        as608.o
    0x08009c58   0x08009c58   0x00000018   Code   RO         1475    i.SetBitMask        rc522.o
    0x08009c70   0x08009c70   0x000000a8   Code   RO          233    i.SetSysClockTo72   system_stm32f10x.o
    0x08009d18   0x08009d18   0x00000034   Code   RO         1338    i.ShowErrMessage    zx.o
    0x08009d4c   0x08009d4c   0x000000a0   Code   RO         3857    i.Show_Font         text.o
    0x08009dec   0x08009dec   0x00000092   Code   RO         3858    i.Show_Str          text.o
    0x08009e7e   0x08009e7e   0x00000002   PAD
    0x08009e80   0x08009e80   0x00000058   Code   RO         3859    i.Show_Str_Mid      text.o
    0x08009ed8   0x08009ed8   0x00000018   Code   RO         2317    i.SysTick_CLKSourceConfig  misc.o
    0x08009ef0   0x08009ef0   0x00000002   Code   RO          160    i.SysTick_Handler   stm32f10x_it.o
    0x08009ef2   0x08009ef2   0x00000002   PAD
    0x08009ef4   0x08009ef4   0x00000050   Code   RO          235    i.SystemInit        system_stm32f10x.o
    0x08009f44   0x08009f44   0x0000002c   Code   RO         3889    i.TIM2_IRQHandler   usmart.o
    0x08009f70   0x08009f70   0x00000038   Code   RO         1297    i.TIM4_IRQHandler   timer.o
    0x08009fa8   0x08009fa8   0x00000060   Code   RO         1298    i.TIM4_Int_Init     timer.o
    0x0800a008   0x0800a008   0x00000038   Code   RO         1299    i.TIM7_IRQHandler   timer.o
    0x0800a040   0x0800a040   0x00000060   Code   RO         1300    i.TIM7_Int_Init     timer.o
    0x0800a0a0   0x0800a0a0   0x00000006   Code   RO         2502    i.TIM_ClearITPendingBit  stm32f10x_tim.o
    0x0800a0a6   0x0800a0a6   0x00000014   Code   RO         2507    i.TIM_Cmd           stm32f10x_tim.o
    0x0800a0ba   0x0800a0ba   0x00000018   Code   RO         2528    i.TIM_GetITStatus   stm32f10x_tim.o
    0x0800a0d2   0x0800a0d2   0x00000010   Code   RO         2532    i.TIM_ITConfig      stm32f10x_tim.o
    0x0800a0e2   0x0800a0e2   0x00000004   Code   RO         2572    i.TIM_SetCounter    stm32f10x_tim.o
    0x0800a0e6   0x0800a0e6   0x00000002   PAD
    0x0800a0e8   0x0800a0e8   0x0000009c   Code   RO         2578    i.TIM_TimeBaseInit  stm32f10x_tim.o
    0x0800a184   0x0800a184   0x00000178   Code   RO          826    i.TP_Adj_Info_Show  touch.o
    0x0800a2fc   0x0800a2fc   0x000003d8   Code   RO          827    i.TP_Adjust         touch.o
    0x0800a6d4   0x0800a6d4   0x00000070   Code   RO          829    i.TP_Drow_Touch_Point  touch.o
    0x0800a744   0x0800a744   0x0000007c   Code   RO          830    i.TP_Get_Adjdata    touch.o
    0x0800a7c0   0x0800a7c0   0x000000e0   Code   RO          831    i.TP_Init           touch.o
    0x0800a8a0   0x0800a8a0   0x00000068   Code   RO          832    i.TP_Read_AD        touch.o
    0x0800a908   0x0800a908   0x00000064   Code   RO          833    i.TP_Read_XOY       touch.o
    0x0800a96c   0x0800a96c   0x00000028   Code   RO          834    i.TP_Read_XY        touch.o
    0x0800a994   0x0800a994   0x0000007a   Code   RO          835    i.TP_Read_XY2       touch.o
    0x0800aa0e   0x0800aa0e   0x00000002   PAD
    0x0800aa10   0x0800aa10   0x00000068   Code   RO          836    i.TP_Save_Adjdata   touch.o
    0x0800aa78   0x0800aa78   0x000000b4   Code   RO          837    i.TP_Scan           touch.o
    0x0800ab2c   0x0800ab2c   0x00000034   Code   RO          838    i.TP_Write_Byte     touch.o
    0x0800ab60   0x0800ab60   0x00000048   Code   RO         3890    i.Timer2_Init       usmart.o
    0x0800aba8   0x0800aba8   0x00000108   Code   RO         1339    i.UIID              zx.o
    0x0800acb0   0x0800acb0   0x00000064   Code   RO         1760    i.USART1_IRQHandler  usart.o
    0x0800ad14   0x0800ad14   0x00000068   Code   RO         1102    i.USART2_IRQHandler  usart2.o
    0x0800ad7c   0x0800ad7c   0x00000068   Code   RO         1655    i.USART3_IRQHandler  usart3.o
    0x0800ade4   0x0800ade4   0x00000014   Code   RO         2137    i.USART_Cmd         stm32f10x_usart.o
    0x0800adf8   0x0800adf8   0x00000074   Code   RO         2139    i.USART_DeInit      stm32f10x_usart.o
    0x0800ae6c   0x0800ae6c   0x0000000e   Code   RO         2140    i.USART_GetFlagStatus  stm32f10x_usart.o
    0x0800ae7a   0x0800ae7a   0x0000003e   Code   RO         2141    i.USART_GetITStatus  stm32f10x_usart.o
    0x0800aeb8   0x0800aeb8   0x00000030   Code   RO         2143    i.USART_ITConfig    stm32f10x_usart.o
    0x0800aee8   0x0800aee8   0x000000ac   Code   RO         2144    i.USART_Init        stm32f10x_usart.o
    0x0800af94   0x0800af94   0x00000008   Code   RO         2151    i.USART_ReceiveData  stm32f10x_usart.o
    0x0800af9c   0x0800af9c   0x00000008   Code   RO         2154    i.USART_SendData    stm32f10x_usart.o
    0x0800afa4   0x0800afa4   0x00000002   Code   RO          161    i.UsageFault_Handler  stm32f10x_it.o
    0x0800afa6   0x0800afa6   0x00000002   PAD
    0x0800afa8   0x0800afa8   0x00000030   Code   RO         1477    i.WriteRawRC        rc522.o
    0x0800afd8   0x0800afd8   0x000001dc   Code   RO         1340    i.XGGpas            zx.o
    0x0800b1b4   0x0800b1b4   0x00000028   Code   RO         4350    i.__ARM_fpclassify  m_ws.l(fpclassify.o)
    0x0800b1dc   0x0800b1dc   0x0000000e   Code   RO         4103    i._is_digit         c_w.l(__printf_wp.o)
    0x0800b1ea   0x0800b1ea   0x00000002   Code   RO         1761    i._sys_exit         usart.o
    0x0800b1ec   0x0800b1ec   0x00000110   Code   RO         1341    i.addID             zx.o
    0x0800b2fc   0x0800b2fc   0x0000005c   Code   RO         3481    i.check_fs          ff.o
    0x0800b358   0x0800b358   0x0000003c   Code   RO         1705    i.delay_init        delay.o
    0x0800b394   0x0800b394   0x00000034   Code   RO         1706    i.delay_ms          delay.o
    0x0800b3c8   0x0800b3c8   0x00000034   Code   RO         1707    i.delay_us          delay.o
    0x0800b3fc   0x0800b3fc   0x0000004c   Code   RO         3417    i.disk_initialize   diskio.o
    0x0800b448   0x0800b448   0x0000006a   Code   RO         3419    i.disk_read         diskio.o
    0x0800b4b2   0x0800b4b2   0x00000004   Code   RO         3420    i.disk_status       diskio.o
    0x0800b4b6   0x0800b4b6   0x00000056   Code   RO         3421    i.disk_write        diskio.o
    0x0800b50c   0x0800b50c   0x00000058   Code   RO         3226    i.exfuns_init       exfuns.o
    0x0800b564   0x0800b564   0x0000004c   Code   RO         3503    i.f_mount           ff.o
    0x0800b5b0   0x0800b5b0   0x00000238   Code   RO         3519    i.find_volume       ff.o
    0x0800b7e8   0x0800b7e8   0x00000028   Code   RO         3817    i.font_init         fontupd.o
    0x0800b810   0x0800b810   0x00000018   Code   RO         1762    i.fputc             usart.o
    0x0800b828   0x0800b828   0x0000003c   Code   RO         3524    i.get_ldnumber      ff.o
    0x0800b864   0x0800b864   0x00000038   Code   RO         1478    i.idfh              rc522.o
    0x0800b89c   0x0800b89c   0x0000003c   Code   RO         1342    i.inspect           zx.o
    0x0800b8d8   0x0800b8d8   0x00000260   Code   RO         1343    i.link              zx.o
    0x0800bb38   0x0800bb38   0x0000029c   Code   RO         1344    i.linkA             zx.o
    0x0800bdd4   0x0800bdd4   0x00000094   Code   RO            1    i.main              main.o
    0x0800be68   0x0800be68   0x00000040   Code   RO         3155    i.mem_free          malloc.o
    0x0800bea8   0x0800bea8   0x00000028   Code   RO         3156    i.mem_init          malloc.o
    0x0800bed0   0x0800bed0   0x0000005c   Code   RO         3157    i.mem_malloc        malloc.o
    0x0800bf2c   0x0800bf2c   0x00000030   Code   RO         3158    i.mem_perused       malloc.o
    0x0800bf5c   0x0800bf5c   0x0000002e   Code   RO         3528    i.move_window       ff.o
    0x0800bf8a   0x0800bf8a   0x00000002   PAD
    0x0800bf8c   0x0800bf8c   0x00000014   Code   RO         3159    i.myfree            malloc.o
    0x0800bfa0   0x0800bfa0   0x0000001c   Code   RO         3160    i.mymalloc          malloc.o
    0x0800bfbc   0x0800bfbc   0x0000000e   Code   RO         3162    i.mymemset          malloc.o
    0x0800bfca   0x0800bfca   0x00000002   PAD
    0x0800bfcc   0x0800bfcc   0x0000013c   Code   RO         1345    i.passKS            zx.o
    0x0800c108   0x0800c108   0x00000104   Code   RO         1346    i.press_FR          zx.o
    0x0800c20c   0x0800c20c   0x00000004   Code   RO         3891    i.read_addr         usmart.o
    0x0800c210   0x0800c210   0x0000004c   Code   RO         4182    i.sqrt              m_ws.l(sqrt.o)
    0x0800c25c   0x0800c25c   0x00000050   Code   RO         3535    i.sync_window       ff.o
    0x0800c2ac   0x0800c2ac   0x0000004c   Code   RO         1656    i.u3_printf         usart3.o
    0x0800c2f8   0x0800c2f8   0x000000a0   Code   RO         1763    i.uart_init         usart.o
    0x0800c398   0x0800c398   0x000000cc   Code   RO         1104    i.usart2_init       usart2.o
    0x0800c464   0x0800c464   0x000000cc   Code   RO         1657    i.usart3_init       usart3.o
    0x0800c530   0x0800c530   0x00000094   Code   RO         3892    i.usmart_cmd_rec    usmart.o
    0x0800c5c4   0x0800c5c4   0x00000264   Code   RO         3893    i.usmart_exe        usmart.o
    0x0800c828   0x0800c828   0x0000009e   Code   RO         3983    i.usmart_get_aparm  usmart_str.o
    0x0800c8c6   0x0800c8c6   0x0000002e   Code   RO         3984    i.usmart_get_cmdname  usmart_str.o
    0x0800c8f4   0x0800c8f4   0x00000170   Code   RO         3985    i.usmart_get_fname  usmart_str.o
    0x0800ca64   0x0800ca64   0x000000d4   Code   RO         3986    i.usmart_get_fparam  usmart_str.o
    0x0800cb38   0x0800cb38   0x00000024   Code   RO         3987    i.usmart_get_parmpos  usmart_str.o
    0x0800cb5c   0x0800cb5c   0x00000028   Code   RO         3894    i.usmart_get_runtime  usmart.o
    0x0800cb84   0x0800cb84   0x00000028   Code   RO         3895    i.usmart_init       usmart.o
    0x0800cbac   0x0800cbac   0x00000010   Code   RO         3988    i.usmart_pow        usmart_str.o
    0x0800cbbc   0x0800cbbc   0x00000024   Code   RO         3896    i.usmart_reset_runtime  usmart.o
    0x0800cbe0   0x0800cbe0   0x000000a4   Code   RO         3897    i.usmart_scan       usmart.o
    0x0800cc84   0x0800cc84   0x00000010   Code   RO         3989    i.usmart_search_nextc  usmart_str.o
    0x0800cc94   0x0800cc94   0x000000a6   Code   RO         3990    i.usmart_str2num    usmart_str.o
    0x0800cd3a   0x0800cd3a   0x00000018   Code   RO         3991    i.usmart_strcmp     usmart_str.o
    0x0800cd52   0x0800cd52   0x00000012   Code   RO         3992    i.usmart_strcopy    usmart_str.o
    0x0800cd64   0x0800cd64   0x00000012   Code   RO         3993    i.usmart_strlen     usmart_str.o
    0x0800cd76   0x0800cd76   0x00000002   PAD
    0x0800cd78   0x0800cd78   0x00000670   Code   RO         3898    i.usmart_sys_cmd_exe  usmart.o
    0x0800d3e8   0x0800d3e8   0x00000004   Code   RO         3899    i.write_addr        usmart.o
    0x0800d3ec   0x0800d3ec   0x0000002c   Code   RO         4336    locale$$code        c_w.l(lc_numeric_c.o)
    0x0800d418   0x0800d418   0x0000002c   Code   RO         4355    locale$$code        c_w.l(lc_ctype_c.o)
    0x0800d444   0x0800d444   0x00000150   Code   RO         4133    x$fpl$dadd          fz_ws.l(daddsub_clz.o)
    0x0800d594   0x0800d594   0x0000005a   Code   RO         4139    x$fpl$dfixu         fz_ws.l(dfixu.o)
    0x0800d5ee   0x0800d5ee   0x00000026   Code   RO         4143    x$fpl$dfltu         fz_ws.l(dflt_clz.o)
    0x0800d614   0x0800d614   0x00000154   Code   RO         4149    x$fpl$dmul          fz_ws.l(dmul.o)
    0x0800d768   0x0800d768   0x0000009c   Code   RO         4241    x$fpl$dnaninf       fz_ws.l(dnaninf.o)
    0x0800d804   0x0800d804   0x0000000c   Code   RO         4243    x$fpl$dretinf       fz_ws.l(dretinf.o)
    0x0800d810   0x0800d810   0x00000016   Code   RO         4134    x$fpl$drsb          fz_ws.l(daddsub_clz.o)
    0x0800d826   0x0800d826   0x00000002   PAD
    0x0800d828   0x0800d828   0x000001cc   Code   RO         4245    x$fpl$dsqrt         fz_ws.l(dsqrt_noumaal.o)
    0x0800d9f4   0x0800d9f4   0x000001d4   Code   RO         4135    x$fpl$dsub          fz_ws.l(daddsub_clz.o)
    0x0800dbc8   0x0800dbc8   0x000000c4   Code   RO         4151    x$fpl$fadd          fz_ws.l(faddsub_clz.o)
    0x0800dc8c   0x0800dc8c   0x0000000c   Code   RO         4247    x$fpl$fcheck1       fz_ws.l(fcheck1.o)
    0x0800dc98   0x0800dc98   0x00000184   Code   RO         4158    x$fpl$fdiv          fz_ws.l(fdiv.o)
    0x0800de1c   0x0800de1c   0x00000036   Code   RO         4163    x$fpl$ffix          fz_ws.l(ffix.o)
    0x0800de52   0x0800de52   0x00000002   PAD
    0x0800de54   0x0800de54   0x0000003e   Code   RO         4167    x$fpl$ffixu         fz_ws.l(ffixu.o)
    0x0800de92   0x0800de92   0x00000002   PAD
    0x0800de94   0x0800de94   0x00000030   Code   RO         4172    x$fpl$fflt          fz_ws.l(fflt_clz.o)
    0x0800dec4   0x0800dec4   0x00000026   Code   RO         4171    x$fpl$ffltu         fz_ws.l(fflt_clz.o)
    0x0800deea   0x0800deea   0x00000002   PAD
    0x0800deec   0x0800deec   0x00000102   Code   RO         4177    x$fpl$fmul          fz_ws.l(fmul.o)
    0x0800dfee   0x0800dfee   0x0000008c   Code   RO         4251    x$fpl$fnaninf       fz_ws.l(fnaninf.o)
    0x0800e07a   0x0800e07a   0x0000000a   Code   RO         4253    x$fpl$fretinf       fz_ws.l(fretinf.o)
    0x0800e084   0x0800e084   0x000000ea   Code   RO         4153    x$fpl$fsub          fz_ws.l(faddsub_clz.o)
    0x0800e16e   0x0800e16e   0x00000004   Code   RO         4255    x$fpl$printf1       fz_ws.l(printf1.o)
    0x0800e172   0x0800e172   0x00000064   Code   RO         4294    x$fpl$retnan        fz_ws.l(retnan.o)
    0x0800e1d6   0x0800e1d6   0x0000004c   Code   RO         4179    x$fpl$scalbnf       fz_ws.l(scalbnf.o)
    0x0800e222   0x0800e222   0x00000030   Code   RO         4348    x$fpl$trapveneer    fz_ws.l(trapv.o)
    0x0800e252   0x0800e252   0x00000000   Code   RO         4257    x$fpl$usenofp       fz_ws.l(usenofp.o)
    0x0800e252   0x0800e252   0x000017c0   Data   RO          294    .constdata          lcd.o
    0x0800fa12   0x0800fa12   0x0000000c   Data   RO          839    .constdata          touch.o
    0x0800fa1e   0x0800fa1e   0x0000000a   Data   RO          927    .constdata          ott2001a.o
    0x0800fa28   0x0800fa28   0x0000000a   Data   RO         1029    .constdata          ft5206.o
    0x0800fa32   0x0800fa32   0x000000c2   Data   RO         1067    .constdata          gt9147.o
    0x0800faf4   0x0800faf4   0x00000028   Data   RO         4091    .constdata          c_w.l(_printf_hex_int_ll_ptr.o)
    0x0800fb1c   0x0800fb1c   0x00000011   Data   RO         4111    .constdata          c_w.l(__printf_flags_ss_wp.o)
    0x0800fb2d   0x0800fb2d   0x00000003   PAD
    0x0800fb30   0x0800fb30   0x00000008   Data   RO         4209    .constdata          c_w.l(_printf_wctomb.o)
    0x0800fb38   0x0800fb38   0x00000094   Data   RO         4311    .constdata          c_w.l(bigflt0.o)
    0x0800fbcc   0x0800fbcc   0x00000079   Data   RO          840    .conststring        touch.o
    0x0800fc45   0x0800fc45   0x00000003   PAD
    0x0800fc48   0x0800fc48   0x0000005e   Data   RO         1348    .conststring        zx.o
    0x0800fca6   0x0800fca6   0x00000002   PAD
    0x0800fca8   0x0800fca8   0x00000064   Data   RO         3230    .conststring        exfuns.o
    0x0800fd0c   0x0800fd0c   0x00000028   Data   RO         3900    .conststring        usmart.o
    0x0800fd34   0x0800fd34   0x00000127   Data   RO         3965    .conststring        usmart_config.o
    0x0800fe5b   0x0800fe5b   0x00000001   PAD
    0x0800fe5c   0x0800fe5c   0x00000020   Data   RO         4475    Region$$Table       anon$$obj.o
    0x0800fe7c   0x0800fe7c   0x0000001c   Data   RO         4335    locale$$data        c_w.l(lc_numeric_c.o)
    0x0800fe98   0x0800fe98   0x00000110   Data   RO         4354    locale$$data        c_w.l(lc_ctype_c.o)


    Execution Region RW_IRAM1 (Exec base: 0x20000000, Load base: 0x0800ffa8, Size: 0x0000a800, Max: 0x0000c000, ABSOLUTE, COMPRESSED[0x0000014c])

    Exec Addr    Load Addr    Size         Type   Attr      Idx    E Section Name        Object

    0x20000000   COMPRESSED   0x00000014   Data   RW          236    .data               system_stm32f10x.o
    0x20000014   COMPRESSED   0x00000004   Data   RW          295    .data               lcd.o
    0x20000018   COMPRESSED   0x00000002   Data   RW          512    .data               flash.o
    0x2000001a   COMPRESSED   0x00000001   Data   RW          622    .data               mmc_sd.o
    0x2000001b   COMPRESSED   0x00000001   PAD
    0x2000001c   COMPRESSED   0x0000003c   Data   RW          841    .data               touch.o
    0x20000058   COMPRESSED   0x00000001   Data   RW          928    .data               ott2001a.o
    0x20000059   COMPRESSED   0x00000001   Data   RW         1030    .data               ft5206.o
    0x2000005a   COMPRESSED   0x00000001   Data   RW         1068    .data               gt9147.o
    0x2000005b   COMPRESSED   0x00000001   PAD
    0x2000005c   COMPRESSED   0x00000002   Data   RW         1106    .data               usart2.o
    0x2000005e   COMPRESSED   0x00000002   PAD
    0x20000060   COMPRESSED   0x00000004   Data   RW         1164    .data               as608.o
    0x20000064   COMPRESSED   0x00000088   Data   RW         1349    .data               zx.o
    0x200000ec   COMPRESSED   0x00000027   Data   RW         1480    .data               rc522.o
    0x20000113   COMPRESSED   0x00000001   PAD
    0x20000114   COMPRESSED   0x00000002   Data   RW         1659    .data               usart3.o
    0x20000116   COMPRESSED   0x00000004   Data   RW         1708    .data               delay.o
    0x2000011a   COMPRESSED   0x00000002   Data   RW         1765    .data               usart.o
    0x2000011c   COMPRESSED   0x00000004   Data   RW         1766    .data               usart.o
    0x20000120   COMPRESSED   0x00000014   Data   RW         1965    .data               stm32f10x_rcc.o
    0x20000134   COMPRESSED   0x00000014   Data   RW         3169    .data               malloc.o
    0x20000148   COMPRESSED   0x0000014c   Data   RW         3231    .data               exfuns.o
    0x20000294   COMPRESSED   0x00000002   Data   RW         3425    .data               diskio.o
    0x20000296   COMPRESSED   0x00000002   PAD
    0x20000298   COMPRESSED   0x0000000c   Data   RW         3538    .data               ff.o
    0x200002a4   COMPRESSED   0x0000001c   Data   RW         3901    .data               usmart.o
    0x200002c0   COMPRESSED   0x00000030   Data   RW         3966    .data               usmart_config.o
    0x200002f0   COMPRESSED   0x000000f4   Data   RW         3967    .data               usmart_config.o
    0x200003e4        -       0x0000000e   Zero   RW          293    .bss                lcd.o
    0x200003f2        -       0x00000012   Zero   RW          469    .bss                spi.o
    0x20000404        -       0x00000320   Zero   RW         1105    .bss                usart2.o
    0x20000724        -       0x0000000c   Zero   RW         1347    .bss                zx.o
    0x20000730        -       0x00000010   Zero   RW         1479    .bss                rc522.o
    0x20000740        -       0x000004b0   Zero   RW         1658    .bss                usart3.o
    0x20000bf0        -       0x000000c8   Zero   RW         1764    .bss                usart.o
    0x20000cb8        -       0x00008c00   Zero   RW         3164    .bss                malloc.o
    0x200098b8        -       0x000008c0   Zero   RW         3165    .bss                malloc.o
    0x2000a178        -       0x00000021   Zero   RW         3821    .bss                fontupd.o
    0x2000a199   COMPRESSED   0x00000003   PAD
    0x2000a19c        -       0x00000060   Zero   RW         4297    .bss                c_w.l(libspace.o)
    0x2000a1fc   COMPRESSED   0x00000004   PAD
    0x2000a200        -       0x00000200   Zero   RW         1813    HEAP                startup_stm32f10x_hd.o
    0x2000a400        -       0x00000400   Zero   RW         1812    STACK               startup_stm32f10x_hd.o


==============================================================================

Image component sizes


      Code (inc. data)   RO Data    RW Data    ZI Data      Debug   Object Name

       216          0          0          0          0       2817   24cxx.o
      2188        686          0          4          0      14633   as608.o
       596         70          0          0          0       4681   ctiic.o
       164         26          0          4          0       1579   delay.o
       272         10          0          2          0       3926   diskio.o
        88          4        100        332          0       4015   exfuns.o
       922         24          0         12          0       8379   ff.o
       808         52          0          2          0       7073   flash.o
        40          8          0          0         33       1721   fontupd.o
       706         32         10          1          0       3565   ft5206.o
       858         68        194          1          0       4266   gt9147.o
       248         30          0          0          0        808   hc05.o
        96         14          0          0          0        491   key.o
     18498        228       6080          4         14      26454   lcd.o
        52          4          0          0          0        459   led.o
       148         26          0          0          0     260951   main.o
       306         32          0         20      38080       5233   malloc.o
       144         16          0          0          0       1905   misc.o
      1014         32          0          1          0       9368   mmc_sd.o
       612         70          0          0          0       4050   myiic.o
       748         54         10          1          0       4047   ott2001a.o
      2088        180          0         39         16      14157   rc522.o
       236         24          0          0         18       1765   spi.o
        64         26        304          0       1536        768   startup_stm32f10x_hd.o
       272          6          0          0          0       4146   stm32f10x_gpio.o
        18          0          0          0          0       3378   stm32f10x_it.o
       240         40          0         20          0       5424   stm32f10x_rcc.o
        98          0          0          0          0       3646   stm32f10x_spi.o
       226         42          0          0          0       4754   stm32f10x_tim.o
       448         26          0          0          0       6588   stm32f10x_usart.o
         0          0          0          0          0         32   sys.o
       248         24          0         20          0       1585   system_stm32f10x.o
       542         20          0          0          0       3854   text.o
       304         28          0          0          0       2204   timer.o
      2522        198        133         60          0       9495   touch.o
       286         26          0          6        200       3912   usart.o
       308         36          0          2        800       2578   usart2.o
       384         42          0          2       1200       2586   usart3.o
      2812       1322         40         28          0       7074   usmart.o
         0          0        295        292          0       1416   usmart_config.o
      1078         20          0          0          0       8411   usmart_str.o
      6738       1794         94        136         12      14557   zx.o

    ----------------------------------------------------------------------
     47686       5340       7298        996      41912     472751   Object Totals
         0          0         32          0          0          0   (incl. Generated)
        50          0          6          7          3          0   (incl. Padding)

    ----------------------------------------------------------------------

      Code (inc. data)   RO Data    RW Data    ZI Data      Debug   Library Member Name

        24          4          0          0          0         84   __2printf.o
        44          6          0          0          0         84   __2sprintf.o
        90          0          0          0          0          0   __dczerorl2.o
         8          0          0          0          0         68   __main.o
       392          4         17          0          0         92   __printf_flags_ss_wp.o
        14          0          0          0          0         68   __printf_wp.o
         0          0          0          0          0          0   __rtentry.o
        12          0          0          0          0          0   __rtentry2.o
         6          0          0          0          0          0   __rtentry4.o
        52          8          0          0          0          0   __scatter.o
        28          0          0          0          0          0   __scatter_zi.o
         6          0          0          0          0          0   _printf_a.o
         6          0          0          0          0          0   _printf_c.o
        44          0          0          0          0        108   _printf_char.o
        48          6          0          0          0         96   _printf_char_common.o
        36          4          0          0          0         80   _printf_char_file.o
        40          0          0          0          0         68   _printf_charcount.o
         6          0          0          0          0          0   _printf_d.o
       120         16          0          0          0         92   _printf_dec.o
         6          0          0          0          0          0   _printf_e.o
         6          0          0          0          0          0   _printf_f.o
      1054          0          0          0          0        216   _printf_fp_dec.o
       128         16          0          0          0         84   _printf_fp_infnan.o
         6          0          0          0          0          0   _printf_g.o
       148          4         40          0          0        160   _printf_hex_int_ll_ptr.o
         6          0          0          0          0          0   _printf_i.o
       178          0          0          0          0         88   _printf_intcommon.o
        10          0          0          0          0          0   _printf_l.o
         6          0          0          0          0          0   _printf_lc.o
        10          0          0          0          0          0   _printf_ll.o
         6          0          0          0          0          0   _printf_lld.o
         6          0          0          0          0          0   _printf_lli.o
         6          0          0          0          0          0   _printf_llo.o
         6          0          0          0          0          0   _printf_llu.o
         6          0          0          0          0          0   _printf_llx.o
       124         16          0          0          0         92   _printf_longlong_dec.o
         6          0          0          0          0          0   _printf_ls.o
         6          0          0          0          0          0   _printf_n.o
         6          0          0          0          0          0   _printf_o.o
       112         10          0          0          0        124   _printf_oct_int_ll.o
         6          0          0          0          0          0   _printf_p.o
        78          0          0          0          0        108   _printf_pad.o
         0          0          0          0          0          0   _printf_percent.o
         4          0          0          0          0          0   _printf_percent_end.o
         6          0          0          0          0          0   _printf_s.o
        82          0          0          0          0         80   _printf_str.o
        36          0          0          0          0         84   _printf_truncate.o
         6          0          0          0          0          0   _printf_u.o
        44          0          0          0          0        108   _printf_wchar.o
       188          6          8          0          0         92   _printf_wctomb.o
         6          0          0          0          0          0   _printf_x.o
        22          0          0          0          0        100   _rserrno.o
        10          0          0          0          0         68   _sputc.o
        64          0          0          0          0         92   _wcrtomb.o
       228          4        148          0          0         96   bigflt0.o
      1936        128          0          0          0        672   btod.o
        36          4          0          0          0         76   c89vsprintf.o
        18          0          0          0          0         80   exit.o
         8          0          0          0          0         68   ferror.o
         6          0          0          0          0        152   heapauxi.o
        44         10        272          0          0         76   lc_ctype_c.o
        44         10         28          0          0         76   lc_numeric_c.o
         2          0          0          0          0          0   libinit.o
        30          0          0          0          0          0   libinit2.o
         2          0          0          0          0          0   libshutdown.o
         2          0          0          0          0          0   libshutdown2.o
         8          4          0          0         96         68   libspace.o
       138          0          0          0          0         80   lludiv10.o
        16          4          0          0          0         76   rt_ctype_table.o
         8          4          0          0          0         68   rt_errno_addr_intlibspace.o
         8          4          0          0          0         68   rt_locale_intlibspace.o
         2          0          0          0          0          0   rtexit.o
        10          0          0          0          0          0   rtexit2.o
       128          0          0          0          0         68   strcmpv7m.o
        62          0          0          0          0         76   strlen.o
        36          0          0          0          0         80   strstr.o
        74          0          0          0          0         80   sys_stackheap_outer.o
         2          0          0          0          0         68   use_no_semi.o
         2          0          0          0          0         68   use_no_semi_2.o
       826         16          0          0          0        348   daddsub_clz.o
        90          4          0          0          0         92   dfixu.o
        38          0          0          0          0         68   dflt_clz.o
       340         12          0          0          0        104   dmul.o
       156          4          0          0          0         92   dnaninf.o
        12          0          0          0          0         68   dretinf.o
       460         56          0          0          0        120   dsqrt_noumaal.o
       430          8          0          0          0        168   faddsub_clz.o
        12          4          0          0          0         68   fcheck1.o
       388         76          0          0          0         96   fdiv.o
        54          4          0          0          0         84   ffix.o
        62          4          0          0          0         84   ffixu.o
        86          0          0          0          0        136   fflt_clz.o
       258          4          0          0          0         84   fmul.o
       140          4          0          0          0         84   fnaninf.o
        10          0          0          0          0         68   fretinf.o
         4          0          0          0          0         68   printf1.o
       100          0          0          0          0         68   retnan.o
        76          0          0          0          0         68   scalbnf.o
        48          0          0          0          0         68   trapv.o
         0          0          0          0          0          0   usenofp.o
        40          0          0          0          0         68   fpclassify.o
        76          0          0          0          0         84   sqrt.o

    ----------------------------------------------------------------------
      9948        468        516          0        100       6620   Library Totals
        22          0          3          0          4          0   (incl. Padding)

    ----------------------------------------------------------------------

      Code (inc. data)   RO Data    RW Data    ZI Data      Debug   Library Name

      6220        272        513          0         96       4432   c_w.l
      3590        196          0          0          0       2036   fz_ws.l
       116          0          0          0          0        152   m_ws.l

    ----------------------------------------------------------------------
      9948        468        516          0        100       6620   Library Totals

    ----------------------------------------------------------------------

==============================================================================


      Code (inc. data)   RO Data    RW Data    ZI Data      Debug   

     57634       5808       7814        996      42012     462051   Grand Totals
     57634       5808       7814        332      42012     462051   ELF Image Totals (compressed)
     57634       5808       7814        332          0          0   ROM Totals

==============================================================================

    Total RO  Size (Code + RO Data)                65448 (  63.91kB)
    Total RW  Size (RW Data + ZI Data)             43008 (  42.00kB)
    Total ROM Size (Code + RO Data + RW Data)      65780 (  64.24kB)

==============================================================================

